Archive member included because of file (symbol)

D:/Program Files/Freescale/CW MCU v10.6/MCU/ARM_GCC_Support/ewl/lib/armv7e-m\libstdc++.a(iostream.o)
                              ./Sources/main.o (std::__nInit::~__nInit())
D:/Program Files/Freescale/CW MCU v10.6/MCU/ARM_GCC_Support/ewl/lib/armv7e-m\libstdc++.a(ewl_thread.o)
                              D:/Program Files/Freescale/CW MCU v10.6/MCU/ARM_GCC_Support/ewl/lib/armv7e-m\libstdc++.a(iostream.o) (std::tr1::detail::shared_ptr_deleter_common::release())
D:/Program Files/Freescale/CW MCU v10.6/MCU/ARM_GCC_Support/ewl/lib/armv7e-m\libstdc++.a(ios.o)
                              D:/Program Files/Freescale/CW MCU v10.6/MCU/ARM_GCC_Support/ewl/lib/armv7e-m\libstdc++.a(iostream.o) (std::ios_base::~ios_base())
D:/Program Files/Freescale/CW MCU v10.6/MCU/ARM_GCC_Support/ewl/lib/armv7e-m\libc99.a(__getchar.o)
                              D:/Program Files/Freescale/CW MCU v10.6/MCU/ARM_GCC_Support/ewl/lib/armv7e-m\libstdc++.a(iostream.o) (__get_char)
D:/Program Files/Freescale/CW MCU v10.6/MCU/ARM_GCC_Support/ewl/lib/armv7e-m\libc99.a(ansi_files.o)
                              ./Sources/main.o (__files)
D:/Program Files/Freescale/CW MCU v10.6/MCU/ARM_GCC_Support/ewl/lib/armv7e-m\libc99.a(conread.o)
                              D:/Program Files/Freescale/CW MCU v10.6/MCU/ARM_GCC_Support/ewl/lib/armv7e-m\libstdc++.a(iostream.o) (__ConsoleRead)
D:/Program Files/Freescale/CW MCU v10.6/MCU/ARM_GCC_Support/ewl/lib/armv7e-m\libc99.a(fflush.o)
                              D:/Program Files/Freescale/CW MCU v10.6/MCU/ARM_GCC_Support/ewl/lib/armv7e-m\libstdc++.a(iostream.o) (fflush)
D:/Program Files/Freescale/CW MCU v10.6/MCU/ARM_GCC_Support/ewl/lib/armv7e-m\libc99.a(fwrite.o)
                              D:/Program Files/Freescale/CW MCU v10.6/MCU/ARM_GCC_Support/ewl/lib/armv7e-m\libstdc++.a(iostream.o) (__fwrite)
D:/Program Files/Freescale/CW MCU v10.6/MCU/ARM_GCC_Support/ewl/lib/armv7e-m\libc99.a(ungetc.o)
                              D:/Program Files/Freescale/CW MCU v10.6/MCU/ARM_GCC_Support/ewl/lib/armv7e-m\libstdc++.a(iostream.o) (ungetc)
D:/Program Files/Freescale/CW MCU v10.6/MCU/ARM_GCC_Support/ewl/lib/armv7e-m\libc99.a(alloc.o)
                              D:/Program Files/Freescale/CW MCU v10.6/MCU/ARM_GCC_Support/ewl/lib/armv7e-m\libstdc++.a(ios.o) (realloc)
D:/Program Files/Freescale/CW MCU v10.6/MCU/ARM_GCC_Support/ewl/lib/armv7e-m\libc99.a(atexit.o)
                              D:/Program Files/Freescale/CW MCU v10.6/MCU/ARM_GCC_Support/ewl/lib/armv7e-m\libstdc++.a(iostream.o) (atexit)
D:/Program Files/Freescale/CW MCU v10.6/MCU/ARM_GCC_Support/ewl/lib/armv7e-m\libc99.a(exit.o)
                              ./Project_Settings/Startup_Code/__arm_start.o (exit)
D:/Program Files/Freescale/CW MCU v10.6/MCU/ARM_GCC_Support/ewl/lib/armv7e-m\libc99.a(__memrchr.o)
                              D:/Program Files/Freescale/CW MCU v10.6/MCU/ARM_GCC_Support/ewl/lib/armv7e-m\libc99.a(fwrite.o) (__memrchr)
D:/Program Files/Freescale/CW MCU v10.6/MCU/ARM_GCC_Support/ewl/lib/armv7e-m\libc99.a(memcpy.o)
                              D:/Program Files/Freescale/CW MCU v10.6/MCU/ARM_GCC_Support/ewl/lib/armv7e-m\libstdc++.a(iostream.o) (memcpy)
D:/Program Files/Freescale/CW MCU v10.6/MCU/ARM_GCC_Support/ewl/lib/armv7e-m\libc99.a(memmove.o)
                              D:/Program Files/Freescale/CW MCU v10.6/MCU/ARM_GCC_Support/ewl/lib/armv7e-m\libstdc++.a(iostream.o) (memmove)
D:/Program Files/Freescale/CW MCU v10.6/MCU/ARM_GCC_Support/ewl/lib/armv7e-m\libc99.a(memset.o)
                              ./Project_Settings/Startup_Code/__arm_start.o (memset)
D:/Program Files/Freescale/CW MCU v10.6/MCU/ARM_GCC_Support/ewl/lib/armv7e-m\libc99.a(strcpy.o)
                              D:/Program Files/Freescale/CW MCU v10.6/MCU/ARM_GCC_Support/ewl/lib/armv7e-m\libstdc++.a(iostream.o) (strcpy)
D:/Program Files/Freescale/CW MCU v10.6/MCU/ARM_GCC_Support/ewl/lib/armv7e-m\libc99.a(strlen.o)
                              D:/Program Files/Freescale/CW MCU v10.6/MCU/ARM_GCC_Support/ewl/lib/armv7e-m\libstdc++.a(iostream.o) (strlen)
D:/Program Files/Freescale/CW MCU v10.6/MCU/ARM_GCC_Support/ewl/lib/armv7e-m\libc99.a(__wfwrite.o)
                              D:/Program Files/Freescale/CW MCU v10.6/MCU/ARM_GCC_Support/ewl/lib/armv7e-m\libstdc++.a(iostream.o) (__wFileWrite)
D:/Program Files/Freescale/CW MCU v10.6/MCU/ARM_GCC_Support/ewl/lib/armv7e-m\libc99.a(__wgetchar.o)
                              D:/Program Files/Freescale/CW MCU v10.6/MCU/ARM_GCC_Support/ewl/lib/armv7e-m\libc99.a(fwrite.o) (fwide)
D:/Program Files/Freescale/CW MCU v10.6/MCU/ARM_GCC_Support/ewl/lib/armv7e-m\libc99.a(wmemcpy.o)
                              ./Sources/main.o (wmemcpy)
D:/Program Files/Freescale/CW MCU v10.6/MCU/ARM_GCC_Support/ewl/lib/armv7e-m\libc99.a(__scanformat.o)
[...]
Memory Configuration

Name             Origin             Length             Attributes
m_interrupts     0x00000000         0x000001e0         xr
m_cfmprotrom     0x00000400         0x00000010         xr
m_text           0x00000800         0x0007f800         xr
m_data           0x1fff0000         0x00010000         xrw
m_data2          0x20000000         0x00010000         xrw
*default*        0x00000000         0xffffffff

Linker script and memory map

LOAD ./Project_Settings/Startup_Code/kinetis_sysinit.o
LOAD ./Project_Settings/Startup_Code/__arm_start.o
LOAD ./Project_Settings/Startup_Code/__arm_end.o
LOAD ./Sources/main.o
LOAD D:/Program Files/Freescale/CW MCU v10.6/MCU/ARM_GCC_Support/ewl/lib/armv7e-m\libstdc++.a
LOAD D:/Program Files/Freescale/CW MCU v10.6/MCU/ARM_GCC_Support/ewl/lib/armv7e-m\libm.a
START GROUP
LOAD D:/Program Files/Freescale/CW MCU v10.6/MCU/ARM_GCC_Support/ewl/lib/armv7e-m\libc99.a
LOAD D:/Program Files/Freescale/CW MCU v10.6/MCU/ARM_GCC_Support/ewl/lib/armv7e-m\libstdc++.a
LOAD D:/Program Files/Freescale/CW MCU v10.6/MCU/ARM_GCC_Support/ewl/lib/armv7e-m\libm.a
LOAD d:/program files/freescale/cw mcu v10.6/cross_tools/arm-none-eabi-gcc-4_7_3/bin/../lib/gcc/arm-none-eabi/4.7.3/armv7e-m\libgcc.a
LOAD D:/Program Files/Freescale/CW MCU v10.6/MCU/ARM_GCC_Support/ewl/lib/armv7e-m\librt.a
LOAD d:/program files/freescale/cw mcu v10.6/cross_tools/arm-none-eabi-gcc-4_7_3/bin/../lib/gcc/arm-none-eabi/4.7.3/../../../../arm-none-eabi/lib/armv7e-m\libsupc++.a
LOAD D:/Program Files/Freescale/CW MCU v10.6/MCU/ARM_GCC_Support/ewl/lib/armv7e-m\libhosted.a
END GROUP
                0x20000000                _estack = 0x20000000
                0x20000000                __SP_INIT = _estack
                0x00000800                __heap_size = 0x800
                0x00000800                __stack_size = 0x800

.interrupts     0x00000000      0x1e0
                0x00000000                __vector_table = .
                0x00000000                . = ALIGN (0x4)
 *(.vectortable)
 .vectortable   0x00000000      0x1e0 ./Project_Settings/Startup_Code/kinetis_sysinit.o
                0x000001e0                . = ALIGN (0x4)

.cfmprotect     0x00000400        0x0
                0x00000400                . = ALIGN (0x4)
 *(.cfmconfig)
                0x00000400                . = ALIGN (0x4)

.text           0x00000800     0x5764
                0x00000800                . = ALIGN (0x4)
 *(.text)
 .text          0x00000800      0xba4 d:/program files/freescale/cw mcu v10.6/cross_tools/arm-none-eabi-gcc-4_7_3/bin/../lib/gcc/arm-none-eabi/4.7.3/armv7e-m\libgcc.a(unwind-arm.o)
                0x00000ac4                _Unwind_GetCFA
                0x00000ac8                __gnu_Unwind_RaiseException
                0x00000b28                __gnu_Unwind_ForcedUnwind
                0x00000b40                __gnu_Unwind_Resume
                0x00000b84                __gnu_Unwind_Resume_or_Rethrow
                0x00000b9c                _Unwind_Complete
                0x00000ba0                _Unwind_DeleteException
                0x00000bb0                _Unwind_VRS_Get
                0x00000bec                _Unwind_VRS_Set
                0x00000f88                __aeabi_unwind_cpp_pr2
                0x00000f90                __aeabi_unwind_cpp_pr1
                0x00000f98                __aeabi_unwind_cpp_pr0
                0x00000fa0                __gnu_Unwind_Backtrace
                0x0000100c                _Unwind_VRS_Pop
 .text          0x000013a4      0x1ac d:/program files/freescale/cw mcu v10.6/cross_tools/arm-none-eabi-gcc-4_7_3/bin/../lib/gcc/arm-none-eabi/4.7.3/armv7e-m\libgcc.a(libunwind.o)
                0x000013a4                __restore_core_regs
                0x000013a4                restore_core_regs
                0x000013bc                __gnu_Unwind_Restore_VFP
                0x000013c4                __gnu_Unwind_Save_VFP
                0x000013cc                __gnu_Unwind_Restore_VFP_D
                0x000013d4                __gnu_Unwind_Save_VFP_D
                0x000013dc                __gnu_Unwind_Restore_VFP_D_16_to_31
                0x000013e4                __gnu_Unwind_Save_VFP_D_16_to_31
                0x000013ec                __gnu_Unwind_Restore_WMMXD
                0x00001430                __gnu_Unwind_Save_WMMXD
                0x00001474                __gnu_Unwind_Restore_WMMXC
                0x00001488                __gnu_Unwind_Save_WMMXC
                0x0000149c                ___Unwind_RaiseException
                0x0000149c                _Unwind_RaiseException
                0x000014c0                _Unwind_Resume
                0x000014c0                ___Unwind_Resume
                0x000014e4                _Unwind_Resume_or_Rethrow
                0x000014e4                ___Unwind_Resume_or_Rethrow
                0x00001508                _Unwind_ForcedUnwind
                0x00001508                ___Unwind_ForcedUnwind
                0x0000152c                ___Unwind_Backtrace
                0x0000152c                _Unwind_Backtrace
 .text          0x00001550      0x3a0 d:/program files/freescale/cw mcu v10.6/cross_tools/arm-none-eabi-gcc-4_7_3/bin/../lib/gcc/arm-none-eabi/4.7.3/armv7e-m\libgcc.a(pr-support.o)
                0x0000159c                __gnu_unwind_execute
                0x00001898                __gnu_unwind_frame
                0x000018c0                _Unwind_GetRegionStart
                0x000018cc                _Unwind_GetLanguageSpecificData
                0x000018e0                _Unwind_GetDataRelBase
                0x000018e8                _Unwind_GetTextRelBase
 *(.text*)
 .text.Default_Handler
                0x000018f0        0xc ./Project_Settings/Startup_Code/kinetis_sysinit.o
                0x000018f0                BusFault_Handler()
                0x000018f0                HardFault_Handler()
                0x000018f0                SysTick_Handler()
                0x000018f0                PendSV_Handler()
                0x000018f0                DebugMonitor_Handler()
                0x000018f0                MemManage_Handler()
                0x000018f0                NMI_Handler()
                0x000018f0                SVC_Handler()
                0x000018f0                Default_Handler
                0x000018f0                UsageFault_Handler()
 .text.__init_hardware
                0x000018fc       0x44 ./Project_Settings/Startup_Code/kinetis_sysinit.o
                0x000018fc                __init_hardware
 .text.zero_fill_bss
                0x00001940       0x2c ./Project_Settings/Startup_Code/__arm_start.o
 .text.__thumb_startup
                0x0000196c       0x34 ./Project_Settings/Startup_Code/__arm_start.o
                0x0000196c                __thumb_startup
 .text._ExitProcess
                0x000019a0       0x10 ./Project_Settings/Startup_Code/__arm_end.o
                0x000019a0                _ExitProcess
 .text._ZN12counterclassC2Ev
                0x000019b0       0x20 ./Sources/main.o
                0x000019b0                counterclass::counterclass()
                0x000019b0                counterclass::counterclass()
 .text._ZN12counterclass9incrementEv
                0x000019d0       0x20 ./Sources/main.o
                0x000019d0                counterclass::increment()
 .text.main     0x000019f0       0x3c ./Sources/main.o
                0x000019f0                main
 .text._Z41__static_initialization_and_destruction_0ii
                0x00001a2c       0x74 ./Sources/main.o
 .text._GLOBAL__sub_I_str1
                0x00001aa0       0x14 ./Sources/main.o
 .text._ZNSt3tr16detail25shared_ptr_deleter_commonD2Ev
                0x00001ab4        0xc D:/Program Files/Freescale/CW MCU v10.6/MCU/ARM_GCC_Support/ewl/lib/armv7e-m\libstdc++.a(iostream.o)
                0x00001ab4                std::tr1::detail::shared_ptr_deleter_common::~shared_ptr_deleter_common()
                0x00001ab4                std::tr1::detail::shared_ptr_deleter_common::~shared_ptr_deleter_common()
 .text.__tcf_0  0x00001ac0        0x2 D:/Program Files/Freescale/CW MCU v10.6/MCU/ARM_GCC_Support/ewl/lib/armv7e-m\libstdc++.a(iostream.o)
 *fill*         0x00001ac2        0x2 00
 .text.__tcf_1  0x00001ac4       0x10 D:/Program Files/Freescale/CW MCU v10.6/MCU/ARM_GCC_Support/ewl/lib/armv7e-m\libstdc++.a(iostream.o)
 .text.__tcf_7  0x00001ad4       0x10 D:/Program Files/Freescale/CW MCU v10.6/MCU/ARM_GCC_Support/ewl/lib/armv7e-m\libstdc++.a(iostream.o)
 .text._ZNSt15basic_streambufIcSt11char_traitsIcEED2Ev
                0x00001ae4        0xc D:/Program Files/Freescale/CW MCU v10.6/MCU/ARM_GCC_Support/ewl/lib/armv7e-m\libstdc++.a(iostream.o)
                0x00001ae4                std::basic_streambuf<char, std::char_traits<char> >::~basic_streambuf()
                0x00001ae4                std::basic_streambuf<char, std::char_traits<char> >::~basic_streambuf()
 .text._ZNSt15basic_streambufIcSt11char_traitsIcEE6setbufEPci
                0x00001af0        0x2 D:/Program Files/Freescale/CW MCU v10.6/MCU/ARM_GCC_Support/ewl/lib/armv7e-m\libstdc++.a(iostream.o)
                0x00001af0                std::basic_streambuf<char, std::char_traits<char> >::setbuf(char*, int)
 *fill*         0x00001af2        0x2 00
 .text._ZNSt15basic_streambufIwSt11char_traitsIwEED2Ev
                0x00001af4        0xc D:/Program Files/Freescale/CW MCU v10.6/MCU/ARM_GCC_Support/ewl/lib/armv7e-m\libstdc++.a(iostream.o)
                0x00001af4                std::basic_streambuf<wchar_t, std::char_traits<wchar_t> >::~basic_streambuf()
                0x00001af4                std::basic_streambuf<wchar_t, std::char_traits<wchar_t> >::~basic_streambuf()
 .text._ZNSt15basic_streambufIwSt11char_traitsIwEE6setbufEPwi
                0x00001b00        0x2 D:/Program Files/Freescale/CW MCU v10.6/MCU/ARM_GCC_Support/ewl/lib/armv7e-m\libstdc++.a(iostream.o)
                0x00001b00                std::basic_streambuf<wchar_t, std::char_traits<wchar_t> >::setbuf(wchar_t*, int)
 .text._ZNSt15basic_streambufIcSt11char_traitsIcEE4syncEv
                0x00001b02        0x4 D:/Program Files/Freescale/CW MCU v10.6/MCU/ARM_GCC_Support/ewl/lib/armv7e-m\libstdc++.a(iostream.o)
                0x00001b02                std::basic_streambuf<char, std::char_traits<char> >::sync()
 .text._ZNSt15basic_streambufIwSt11char_traitsIwEE4syncEv
                0x00001b06        0x4 D:/Program Files/Freescale/CW MCU v10.6/MCU/ARM_GCC_Support/ewl/lib/armv7e-m\libstdc++.a(iostream.o)
                0x00001b06                std::basic_streambuf<wchar_t, std::char_traits<wchar_t> >::sync()
 *fill*         0x00001b0a        0x2 00
 .text._ZNSt3tr16detail18shared_ptr_deleterIcNSt6detail14default_deleteIA_cEESaIvEED2Ev
                0x00001b0c        0xc D:/Program Files/Freescale/CW MCU v10.6/MCU/ARM_GCC_Support/ewl/lib/armv7e-m\libstdc++.a(iostream.o)
                0x00001b0c                std::tr1::detail::shared_ptr_deleter<char, std::detail::default_delete<char []>, std::allocator<void> >::~shared_ptr_deleter()
                0x00001b0c                std::tr1::detail::shared_ptr_deleter<char, std::detail::default_delete<char []>, std::allocator<void> >::~shared_ptr_deleter()
 .text._ZN11CodeWarrior16console_inputbufIwSt11char_traitsIwEED2Ev
                0x00001b18        0xc D:/Program Files/Freescale/CW MCU v10.6/MCU/ARM_GCC_Support/ewl/lib/armv7e-m\libstdc++.a(iostream.o)
                0x00001b18                CodeWarrior::console_inputbuf<wchar_t, std::char_traits<wchar_t> >::~console_inputbuf()
                0x00001b18                CodeWarrior::console_inputbuf<wchar_t, std::char_traits<wchar_t> >::~console_inputbuf()
 .text._ZN11CodeWarrior16console_inputbufIcSt11char_traitsIcEED2Ev
                0x00001b24        0xc D:/Program Files/Freescale/CW MCU v10.6/MCU/ARM_GCC_Support/ewl/lib/armv7e-m\libstdc++.a(iostream.o)
                0x00001b24                CodeWarrior::console_inputbuf<char, std::char_traits<char> >::~console_inputbuf()
                0x00001b24                CodeWarrior::console_inputbuf<char, std::char_traits<char> >::~console_inputbuf()
 .text._ZNSt15basic_streambufIwSt11char_traitsIwEE7seekoffExNSt8ios_base7seekdirENS3_8openmodeE
                0x00001b30       0x12 D:/Program Files/Freescale/CW MCU v10.6/MCU/ARM_GCC_Support/ewl/lib/armv7e-m\libstdc++.a(iostream.o)
                0x00001b30                std::basic_streambuf<wchar_t, std::char_traits<wchar_t> >::seekoff(long long, std::ios_base::seekdir, std::ios_base::openmode)
 .text._ZNSt15basic_streambufIwSt11char_traitsIwEE7seekposESt4fposIiENSt8ios_base8openmodeE
                0x00001b42       0x1a D:/Program Files/Freescale/CW MCU v10.6/MCU/ARM_GCC_Support/ewl/lib/armv7e-m\libstdc++.a(iostream.o)
                0x00001b42                std::basic_streambuf<wchar_t, std::char_traits<wchar_t> >::seekpos(std::fpos<int>, std::ios_base::openmode)
 .text._ZNSt15basic_streambufIwSt11char_traitsIwEE9showmanycEv
                0x00001b5c        0x4 D:/Program Files/Freescale/CW MCU v10.6/MCU/ARM_GCC_Support/ewl/lib/armv7e-m\libstdc++.a(iostream.o)
                0x00001b5c                std::basic_streambuf<wchar_t, std::char_traits<wchar_t> >::showmanyc()
 .text._ZNSt15basic_streambufIwSt11char_traitsIwEE9underflowEv
                0x00001b60        0x6 D:/Program Files/Freescale/CW MCU v10.6/MCU/ARM_GCC_Support/ewl/lib/armv7e-m\libstdc++.a(iostream.o)
                0x00001b60                std::basic_streambuf<wchar_t, std::char_traits<wchar_t> >::underflow()
 .text._ZNSt15basic_streambufIwSt11char_traitsIwEE9pbackfailEw
                0x00001b66        0x6 D:/Program Files/Freescale/CW MCU v10.6/MCU/ARM_GCC_Support/ewl/lib/armv7e-m\libstdc++.a(iostream.o)
                0x00001b66                std::basic_streambuf<wchar_t, std::char_traits<wchar_t> >::pbackfail(wchar_t)
 .text._ZNSt15basic_streambufIwSt11char_traitsIwEE8overflowEw
                0x00001b6c        0x6 D:/Program Files/Freescale/CW MCU v10.6/MCU/ARM_GCC_Support/ewl/lib/armv7e-m\libstdc++.a(iostream.o)
                0x00001b6c                std::basic_streambuf<wchar_t, std::char_traits<wchar_t> >::overflow(wchar_t)
 .text._ZN11CodeWarrior11bufferedbufIwSt11char_traitsIwEE7seekposESt4fposIiENSt8ios_base8openmodeE
                0x00001b72       0x7a D:/Program Files/Freescale/CW MCU v10.6/MCU/ARM_GCC_Support/ewl/lib/armv7e-m\libstdc++.a(iostream.o)
                0x00001b72                CodeWarrior::bufferedbuf<wchar_t, std::char_traits<wchar_t> >::seekpos(std::fpos<int>, std::ios_base::openmode)
 .text._ZN11CodeWarrior11bufferedbufIwSt11char_traitsIwEE9showmanycEv
                0x00001bec        0xa D:/Program Files/Freescale/CW MCU v10.6/MCU/ARM_GCC_Support/ewl/lib/armv7e-m\libstdc++.a(iostream.o)
                0x00001bec                CodeWarrior::bufferedbuf<wchar_t, std::char_traits<wchar_t> >::showmanyc()
 .text._ZN11CodeWarrior17console_outputbufIwSt11char_traitsIwEE10read_charsEPci
                0x00001bf6        0x6 D:/Program Files/Freescale/CW MCU v10.6/MCU/ARM_GCC_Support/ewl/lib/armv7e-m\libstdc++.a(iostream.o)
                0x00001bf6                CodeWarrior::console_outputbuf<wchar_t, std::char_traits<wchar_t> >::read_chars(char*, int)
 .text._ZN11CodeWarrior17console_outputbufIwSt11char_traitsIwEE11seek_deviceExi
                0x00001bfc        0xa D:/Program Files/Freescale/CW MCU v10.6/MCU/ARM_GCC_Support/ewl/lib/armv7e-m\libstdc++.a(iostream.o)
                0x00001bfc                CodeWarrior::console_outputbuf<wchar_t, std::char_traits<wchar_t> >::seek_device(long long, int)
 .text._ZN11CodeWarrior16console_inputbufIwSt11char_traitsIwEE6setbufEPwi
                0x00001c06       0x30 D:/Program Files/Freescale/CW MCU v10.6/MCU/ARM_GCC_Support/ewl/lib/armv7e-m\libstdc++.a(iostream.o)
                0x00001c06                CodeWarrior::console_inputbuf<wchar_t, std::char_traits<wchar_t> >::setbuf(wchar_t*, int)
 .text._ZN11CodeWarrior16console_inputbufIwSt11char_traitsIwEE9showmanycEv
                0x00001c36       0x18 D:/Program Files/Freescale/CW MCU v10.6/MCU/ARM_GCC_Support/ewl/lib/armv7e-m\libstdc++.a(iostream.o)
                0x00001c36                CodeWarrior::console_inputbuf<wchar_t, std::char_traits<wchar_t> >::showmanyc()
 .text._ZNSt15basic_streambufIcSt11char_traitsIcEE7seekoffExNSt8ios_base7seekdirENS3_8openmodeE
                0x00001c4e       0x12 D:/Program Files/Freescale/CW MCU v10.6/MCU/ARM_GCC_Support/ewl/lib/armv7e-m\libstdc++.a(iostream.o)
                0x00001c4e                std::basic_streambuf<char, std::char_traits<char> >::seekoff(long long, std::ios_base::seekdir, std::ios_base::openmode)
 .text._ZNSt15basic_streambufIcSt11char_traitsIcEE7seekposESt4fposIiENSt8ios_base8openmodeE
                0x00001c60       0x1a D:/Program Files/Freescale/CW MCU v10.6/MCU/ARM_GCC_Support/ewl/lib/armv7e-m\libstdc++.a(iostream.o)
                0x00001c60                std::basic_streambuf<char, std::char_traits<char> >::seekpos(std::fpos<int>, std::ios_base::openmode)
 .text._ZNSt15basic_streambufIcSt11char_traitsIcEE9showmanycEv
                0x00001c7a        0x4 D:/Program Files/Freescale/CW MCU v10.6/MCU/ARM_GCC_Support/ewl/lib/armv7e-m\libstdc++.a(iostream.o)
                0x00001c7a                std::basic_streambuf<char, std::char_traits<char> >::showmanyc()
 .text._ZNSt15basic_streambufIcSt11char_traitsIcEE9underflowEv
                0x00001c7e        0x6 D:/Program Files/Freescale/CW MCU v10.6/MCU/ARM_GCC_Support/ewl/lib/armv7e-m\libstdc++.a(iostream.o)
                0x00001c7e                std::basic_streambuf<char, std::char_traits<char> >::underflow()
 .text._ZNSt15basic_streambufIcSt11char_traitsIcEE5uflowEv
                0x00001c84       0x18 D:/Program Files/Freescale/CW MCU v10.6/MCU/ARM_GCC_Support/ewl/lib/armv7e-m\libstdc++.a(iostream.o)
                0x00001c84                std::basic_streambuf<char, std::char_traits<char> >::uflow()
 .text._ZNSt15basic_streambufIcSt11char_traitsIcEE9pbackfailEi
                0x00001c9c        0x6 D:/Program Files/Freescale/CW MCU v10.6/MCU/ARM_GCC_Support/ewl/lib/armv7e-m\libstdc++.a(iostream.o)
                0x00001c9c                std::basic_streambuf<char, std::char_traits<char> >::pbackfail(int)
 .text._ZNSt15basic_streambufIcSt11char_traitsIcEE8overflowEi
                0x00001ca2        0x6 D:/Program Files/Freescale/CW MCU v10.6/MCU/ARM_GCC_Support/ewl/lib/armv7e-m\libstdc++.a(iostream.o)
                0x00001ca2                std::basic_streambuf<char, std::char_traits<char> >::overflow(int)
 .text._ZN11CodeWarrior11bufferedbufIcSt11char_traitsIcEE7seekposESt4fposIiENSt8ios_base8openmodeE
                0x00001ca8       0x7a D:/Program Files/Freescale/CW MCU v10.6/MCU/ARM_GCC_Support/ewl/lib/armv7e-m\libstdc++.a(iostream.o)
                0x00001ca8                CodeWarrior::bufferedbuf<char, std::char_traits<char> >::seekpos(std::fpos<int>, std::ios_base::openmode)
 .text._ZN11CodeWarrior11bufferedbufIcSt11char_traitsIcEE9showmanycEv
                0x00001d22        0x8 D:/Program Files/Freescale/CW MCU v10.6/MCU/ARM_GCC_Support/ewl/lib/armv7e-m\libstdc++.a(iostream.o)
                0x00001d22                CodeWarrior::bufferedbuf<char, std::char_traits<char> >::showmanyc()
 .text._ZN11CodeWarrior11bufferedbufIcSt11char_traitsIcEE9pbackfailEi
                0x00001d2a       0x28 D:/Program Files/Freescale/CW MCU v10.6/MCU/ARM_GCC_Support/ewl/lib/armv7e-m\libstdc++.a(iostream.o)
                0x00001d2a                CodeWarrior::bufferedbuf<char, std::char_traits<char> >::pbackfail(int)
 .text._ZN11CodeWarrior17console_outputbufIcSt11char_traitsIcEE10read_charsEPci
                0x00001d52        0x6 D:/Program Files/Freescale/CW MCU v10.6/MCU/ARM_GCC_Support/ewl/lib/armv7e-m\libstdc++.a(iostream.o)
                0x00001d52                CodeWarrior::console_outputbuf<char, std::char_traits<char> >::read_chars(char*, int)
 .text._ZN11CodeWarrior17console_outputbufIcSt11char_traitsIcEE11seek_deviceExi
                0x00001d58        0xa D:/Program Files/Freescale/CW MCU v10.6/MCU/ARM_GCC_Support/ewl/lib/armv7e-m\libstdc++.a(iostream.o)
                0x00001d58                CodeWarrior::console_outputbuf<char, std::char_traits<char> >::seek_device(long long, int)
 .text._ZN11CodeWarrior16console_inputbufIcSt11char_traitsIcEE6setbufEPci
                0x00001d62       0x30 D:/Program Files/Freescale/CW MCU v10.6/MCU/ARM_GCC_Support/ewl/lib/armv7e-m\libstdc++.a(iostream.o)
                0x00001d62                CodeWarrior::console_inputbuf<char, std::char_traits<char> >::setbuf(char*, int)
 .text._ZN11CodeWarrior16console_inputbufIcSt11char_traitsIcEE9showmanycEv
                0x00001d92       0x18 D:/Program Files/Freescale/CW MCU v10.6/MCU/ARM_GCC_Support/ewl/lib/armv7e-m\libstdc++.a(iostream.o)
                0x00001d92                CodeWarrior::console_inputbuf<char, std::char_traits<char> >::showmanyc()
 .text._ZNSt15basic_streambufIcSt11char_traitsIcEE6xsputnEPKci
                0x00001daa       0x60 D:/Program Files/Freescale/CW MCU v10.6/MCU/ARM_GCC_Support/ewl/lib/armv7e-m\libstdc++.a(iostream.o)
                0x00001daa                std::basic_streambuf<char, std::char_traits<char> >::xsputn(char const*, int)
 .text._ZN11CodeWarrior17console_outputbufIcSt11char_traitsIcEE11write_charsEPKci
                0x00001e0a        0xc D:/Program Files/Freescale/CW MCU v10.6/MCU/ARM_GCC_Support/ewl/lib/armv7e-m\libstdc++.a(iostream.o)
                0x00001e0a                CodeWarrior::console_outputbuf<char, std::char_traits<char> >::write_chars(char const*, int)
 .text._ZN11CodeWarrior17console_outputbufIwSt11char_traitsIwEE11write_charsEPKci
                0x00001e16        0xc D:/Program Files/Freescale/CW MCU v10.6/MCU/ARM_GCC_Support/ewl/lib/armv7e-m\libstdc++.a(iostream.o)
                0x00001e16                CodeWarrior::console_outputbuf<wchar_t, std::char_traits<wchar_t> >::write_chars(char const*, int)
 .text._ZNSt15basic_streambufIwSt11char_traitsIwEE6xsputnEPKwi
                0x00001e22       0x68 D:/Program Files/Freescale/CW MCU v10.6/MCU/ARM_GCC_Support/ewl/lib/armv7e-m\libstdc++.a(iostream.o)
                0x00001e22                std::basic_streambuf<wchar_t, std::char_traits<wchar_t> >::xsputn(wchar_t const*, int)
 *fill*         0x00001e8a        0x2 00
 .text._ZN11CodeWarrior16console_inputbufIcSt11char_traitsIcEED0Ev
                0x00001e8c       0x14 D:/Program Files/Freescale/CW MCU v10.6/MCU/ARM_GCC_Support/ewl/lib/armv7e-m\libstdc++.a(iostream.o)
                0x00001e8c                CodeWarrior::console_inputbuf<char, std::char_traits<char> >::~console_inputbuf()
 .text._ZN11CodeWarrior16console_inputbufIwSt11char_traitsIwEED0Ev
                0x00001ea0       0x14 D:/Program Files/Freescale/CW MCU v10.6/MCU/ARM_GCC_Support/ewl/lib/armv7e-m\libstdc++.a(iostream.o)
                0x00001ea0                CodeWarrior::console_inputbuf<wchar_t, std::char_traits<wchar_t> >::~console_inputbuf()
 .text._ZNSt3tr16detail18shared_ptr_deleterIcNSt6detail14default_deleteIA_cEESaIvEED0Ev
                0x00001eb4       0x14 D:/Program Files/Freescale/CW MCU v10.6/MCU/ARM_GCC_Support/ewl/lib/armv7e-m\libstdc++.a(iostream.o)
                0x00001eb4                std::tr1::detail::shared_ptr_deleter<char, std::detail::default_delete<char []>, std::allocator<void> >::~shared_ptr_deleter()
 .text._ZNSt15basic_streambufIwSt11char_traitsIwEED0Ev
                0x00001ec8       0x14 D:/Program Files/Freescale/CW MCU v10.6/MCU/ARM_GCC_Support/ewl/lib/armv7e-m\libstdc++.a(iostream.o)
                0x00001ec8                std::basic_streambuf<wchar_t, std::char_traits<wchar_t> >::~basic_streambuf()
 .text._ZNSt15basic_streambufIcSt11char_traitsIcEED0Ev
                0x00001edc       0x14 D:/Program Files/Freescale/CW MCU v10.6/MCU/ARM_GCC_Support/ewl/lib/armv7e-m\libstdc++.a(iostream.o)
                0x00001edc                std::basic_streambuf<char, std::char_traits<char> >::~basic_streambuf()
 .text._ZNSt3tr16detail25shared_ptr_deleter_commonD0Ev
                0x00001ef0       0x14 D:/Program Files/Freescale/CW MCU v10.6/MCU/ARM_GCC_Support/ewl/lib/armv7e-m\libstdc++.a(iostream.o)
                0x00001ef0                std::tr1::detail::shared_ptr_deleter_common::~shared_ptr_deleter_common()
 .text._ZNSt3tr16detail18shared_ptr_deleterIcNSt6detail14default_deleteIA_cEESaIvEE7destroyEv
                0x00001f04       0x14 D:/Program Files/Freescale/CW MCU v10.6/MCU/ARM_GCC_Support/ewl/lib/armv7e-m\libstdc++.a(iostream.o)
                0x00001f04                std::tr1::detail::shared_ptr_deleter<char, std::detail::default_delete<char []>, std::allocator<void> >::destroy()
 .text._ZN11CodeWarrior11bufferedbufIcSt11char_traitsIcEED2Ev
                0x00001f18       0x28 D:/Program Files/Freescale/CW MCU v10.6/MCU/ARM_GCC_Support/ewl/lib/armv7e-m\libstdc++.a(iostream.o)
                0x00001f18                CodeWarrior::bufferedbuf<char, std::char_traits<char> >::~bufferedbuf()
                0x00001f18                CodeWarrior::bufferedbuf<char, std::char_traits<char> >::~bufferedbuf()
 .text._ZN11CodeWarrior11bufferedbufIcSt11char_traitsIcEED0Ev
                0x00001f40       0x12 D:/Program Files/Freescale/CW MCU v10.6/MCU/ARM_GCC_Support/ewl/lib/armv7e-m\libstdc++.a(iostream.o)
                0x00001f40                CodeWarrior::bufferedbuf<char, std::char_traits<char> >::~bufferedbuf()
 *fill*         0x00001f52        0x2 00
 .text._ZN11CodeWarrior17console_outputbufIcSt11char_traitsIcEED2Ev
                0x00001f54       0x14 D:/Program Files/Freescale/CW MCU v10.6/MCU/ARM_GCC_Support/ewl/lib/armv7e-m\libstdc++.a(iostream.o)
                0x00001f54                CodeWarrior::console_outputbuf<char, std::char_traits<char> >::~console_outputbuf()
                0x00001f54                CodeWarrior::console_outputbuf<char, std::char_traits<char> >::~console_outputbuf()
 .text._ZN11CodeWarrior17console_outputbufIcSt11char_traitsIcEED0Ev
                0x00001f68       0x12 D:/Program Files/Freescale/CW MCU v10.6/MCU/ARM_GCC_Support/ewl/lib/armv7e-m\libstdc++.a(iostream.o)
                0x00001f68                CodeWarrior::console_outputbuf<char, std::char_traits<char> >::~console_outputbuf()
 *fill*         0x00001f7a        0x2 00
 .text.__tcf_3  0x00001f7c       0x10 D:/Program Files/Freescale/CW MCU v10.6/MCU/ARM_GCC_Support/ewl/lib/armv7e-m\libstdc++.a(iostream.o)
 .text.__tcf_2  0x00001f8c       0x10 D:/Program Files/Freescale/CW MCU v10.6/MCU/ARM_GCC_Support/ewl/lib/armv7e-m\libstdc++.a(iostream.o)
 .text._ZN11CodeWarrior11bufferedbufIwSt11char_traitsIwEED2Ev
                0x00001f9c       0x28 D:/Program Files/Freescale/CW MCU v10.6/MCU/ARM_GCC_Support/ewl/lib/armv7e-m\libstdc++.a(iostream.o)
                0x00001f9c                CodeWarrior::bufferedbuf<wchar_t, std::char_traits<wchar_t> >::~bufferedbuf()
                0x00001f9c                CodeWarrior::bufferedbuf<wchar_t, std::char_traits<wchar_t> >::~bufferedbuf()
 .text._ZN11CodeWarrior11bufferedbufIwSt11char_traitsIwEED0Ev
                0x00001fc4       0x12 D:/Program Files/Freescale/CW MCU v10.6/MCU/ARM_GCC_Support/ewl/lib/armv7e-m\libstdc++.a(iostream.o)
                0x00001fc4                CodeWarrior::bufferedbuf<wchar_t, std::char_traits<wchar_t> >::~bufferedbuf()
 *fill*         0x00001fd6        0x2 00
 .text._ZN11CodeWarrior17console_outputbufIwSt11char_traitsIwEED2Ev
                0x00001fd8       0x14 D:/Program Files/Freescale/CW MCU v10.6/MCU/ARM_GCC_Support/ewl/lib/armv7e-m\libstdc++.a(iostream.o)
                0x00001fd8                CodeWarrior::console_outputbuf<wchar_t, std::char_traits<wchar_t> >::~console_outputbuf()
                0x00001fd8                CodeWarrior::console_outputbuf<wchar_t, std::char_traits<wchar_t> >::~console_outputbuf()
 .text._ZN11CodeWarrior17console_outputbufIwSt11char_traitsIwEED0Ev
                0x00001fec       0x12 D:/Program Files/Freescale/CW MCU v10.6/MCU/ARM_GCC_Support/ewl/lib/armv7e-m\libstdc++.a(iostream.o)
                0x00001fec                CodeWarrior::console_outputbuf<wchar_t, std::char_traits<wchar_t> >::~console_outputbuf()
 *fill*         0x00001ffe        0x2 00
 .text.__tcf_9  0x00002000       0x10 D:/Program Files/Freescale/CW MCU v10.6/MCU/ARM_GCC_Support/ewl/lib/armv7e-m\libstdc++.a(iostream.o)
 .text.__tcf_8  0x00002010       0x10 D:/Program Files/Freescale/CW MCU v10.6/MCU/ARM_GCC_Support/ewl/lib/armv7e-m\libstdc++.a(iostream.o)
 .text._ZNKSt3tr16detail18shared_ptr_deleterIcNSt6detail14default_deleteIA_cEESaIvEE11get_deleterERKSt9type_info
                0x00002020       0x18 D:/Program Files/Freescale/CW MCU v10.6/MCU/ARM_GCC_Support/ewl/lib/armv7e-m\libstdc++.a(iostream.o)
                0x00002020                std::tr1::detail::shared_ptr_deleter<char, std::detail::default_delete<char []>, std::allocator<void> >::get_deleter(std::type_info const&) const
 .text._ZNSt9basic_iosIcSt11char_traitsIcEED2Ev
                0x00002038       0x14 D:/Program Files/Freescale/CW MCU v10.6/MCU/ARM_GCC_Support/ewl/lib/armv7e-m\libstdc++.a(iostream.o)
                0x00002038                std::basic_ios<char, std::char_traits<char> >::~basic_ios()
                0x00002038                std::basic_ios<char, std::char_traits<char> >::~basic_ios()
 .text._ZNSt9basic_iosIcSt11char_traitsIcEED0Ev
                0x0000204c       0x12 D:/Program Files/Freescale/CW MCU v10.6/MCU/ARM_GCC_Support/ewl/lib/armv7e-m\libstdc++.a(iostream.o)
                0x0000204c                std::basic_ios<char, std::char_traits<char> >::~basic_ios()
 *fill*         0x0000205e        0x2 00
 .text._ZNSiD1Ev
                0x00002060       0x28 D:/Program Files/Freescale/CW MCU v10.6/MCU/ARM_GCC_Support/ewl/lib/armv7e-m\libstdc++.a(iostream.o)
                0x00002060                std::basic_istream<char, std::char_traits<char> >::~basic_istream()
                0x0000207c                virtual thunk to std::basic_istream<char, std::char_traits<char> >::~basic_istream()
 .text._ZNSiD0Ev
                0x00002088       0x1c D:/Program Files/Freescale/CW MCU v10.6/MCU/ARM_GCC_Support/ewl/lib/armv7e-m\libstdc++.a(iostream.o)
                0x00002088                std::basic_istream<char, std::char_traits<char> >::~basic_istream()
                0x0000209a                virtual thunk to std::basic_istream<char, std::char_traits<char> >::~basic_istream()
 .text._ZNSoD1Ev
                0x000020a4       0x28 D:/Program Files/Freescale/CW MCU v10.6/MCU/ARM_GCC_Support/ewl/lib/armv7e-m\libstdc++.a(iostream.o)
                0x000020a4                std::basic_ostream<char, std::char_traits<char> >::~basic_ostream()
                0x000020c0                virtual thunk to std::basic_ostream<char, std::char_traits<char> >::~basic_ostream()
 .text._ZNSoD0Ev
                0x000020cc       0x1c D:/Program Files/Freescale/CW MCU v10.6/MCU/ARM_GCC_Support/ewl/lib/armv7e-m\libstdc++.a(iostream.o)
                0x000020cc                std::basic_ostream<char, std::char_traits<char> >::~basic_ostream()
                0x000020de                virtual thunk to std::basic_ostream<char, std::char_traits<char> >::~basic_ostream()
 .text._ZNSt9basic_iosIwSt11char_traitsIwEED2Ev
                0x000020e8       0x14 D:/Program Files/Freescale/CW MCU v10.6/MCU/ARM_GCC_Support/ewl/lib/armv7e-m\libstdc++.a(iostream.o)
                0x000020e8                std::basic_ios<wchar_t, std::char_traits<wchar_t> >::~basic_ios()
                0x000020e8                std::basic_ios<wchar_t, std::char_traits<wchar_t> >::~basic_ios()
 .text._ZNSt9basic_iosIwSt11char_traitsIwEED0Ev
                0x000020fc       0x12 D:/Program Files/Freescale/CW MCU v10.6/MCU/ARM_GCC_Support/ewl/lib/armv7e-m\libstdc++.a(iostream.o)
                0x000020fc                std::basic_ios<wchar_t, std::char_traits<wchar_t> >::~basic_ios()
 *fill*         0x0000210e        0x2 00
 .text._ZNSt13basic_istreamIwSt11char_traitsIwEED1Ev
                0x00002110       0x28 D:/Program Files/Freescale/CW MCU v10.6/MCU/ARM_GCC_Support/ewl/lib/armv7e-m\libstdc++.a(iostream.o)
                0x00002110                std::basic_istream<wchar_t, std::char_traits<wchar_t> >::~basic_istream()
                0x0000212c                virtual thunk to std::basic_istream<wchar_t, std::char_traits<wchar_t> >::~basic_istream()
 .text._ZNSt13basic_istreamIwSt11char_traitsIwEED0Ev
                0x00002138       0x1c D:/Program Files/Freescale/CW MCU v10.6/MCU/ARM_GCC_Support/ewl/lib/armv7e-m\libstdc++.a(iostream.o)
                0x00002138                std::basic_istream<wchar_t, std::char_traits<wchar_t> >::~basic_istream()
                0x0000214a                virtual thunk to std::basic_istream<wchar_t, std::char_traits<wchar_t> >::~basic_istream()
 .text._ZNSt13basic_ostreamIwSt11char_traitsIwEED1Ev
                0x00002154       0x28 D:/Program Files/Freescale/CW MCU v10.6/MCU/ARM_GCC_Support/ewl/lib/armv7e-m\libstdc++.a(iostream.o)
                0x00002154                std::basic_ostream<wchar_t, std::char_traits<wchar_t> >::~basic_ostream()
                0x00002170                virtual thunk to std::basic_ostream<wchar_t, std::char_traits<wchar_t> >::~basic_ostream()
 .text._ZNSt13basic_ostreamIwSt11char_traitsIwEED0Ev
                0x0000217c       0x1c D:/Program Files/Freescale/CW MCU v10.6/MCU/ARM_GCC_Support/ewl/lib/armv7e-m\libstdc++.a(iostream.o)
                0x0000217c                std::basic_ostream<wchar_t, std::char_traits<wchar_t> >::~basic_ostream()
                0x0000218e                virtual thunk to std::basic_ostream<wchar_t, std::char_traits<wchar_t> >::~basic_ostream()
 .text._ZNSt15basic_streambufIwSt11char_traitsIwEE5uflowEv
                0x00002198       0x18 D:/Program Files/Freescale/CW MCU v10.6/MCU/ARM_GCC_Support/ewl/lib/armv7e-m\libstdc++.a(iostream.o)
                0x00002198                std::basic_streambuf<wchar_t, std::char_traits<wchar_t> >::uflow()
 .text._ZNSt12_GLOBAL__N_126get_stream_init_mutex_implEv
                0x000021b0       0x24 D:/Program Files/Freescale/CW MCU v10.6/MCU/ARM_GCC_Support/ewl/lib/armv7e-m\libstdc++.a(iostream.o)
 .text._ZN11CodeWarrior11bufferedbufIwSt11char_traitsIwEE7seekoffExNSt8ios_base7seekdirENS4_8openmodeE
                0x000021d4       0xaa D:/Program Files/Freescale/CW MCU v10.6/MCU/ARM_GCC_Support/ewl/lib/armv7e-m\libstdc++.a(iostream.o)
                0x000021d4                CodeWarrior::bufferedbuf<wchar_t, std::char_traits<wchar_t> >::seekoff(long long, std::ios_base::seekdir, std::ios_base::openmode)
 .text._ZN11CodeWarrior11bufferedbufIwSt11char_traitsIwEE9pbackfailEw
                0x0000227e       0x26 D:/Program Files/Freescale/CW MCU v10.6/MCU/ARM_GCC_Support/ewl/lib/armv7e-m\libstdc++.a(iostream.o)
                0x0000227e                CodeWarrior::bufferedbuf<wchar_t, std::char_traits<wchar_t> >::pbackfail(wchar_t)
 .text._ZN11CodeWarrior11bufferedbufIcSt11char_traitsIcEE7seekoffExNSt8ios_base7seekdirENS4_8openmodeE
                0x000022a4       0xaa D:/Program Files/Freescale/CW MCU v10.6/MCU/ARM_GCC_Support/ewl/lib/armv7e-m\libstdc++.a(iostream.o)
                0x000022a4                CodeWarrior::bufferedbuf<char, std::char_traits<char> >::seekoff(long long, std::ios_base::seekdir, std::ios_base::openmode)
 *fill*         0x0000234e        0x2 00
 .text._ZNSt12_GLOBAL__N_121get_stream_init_mutexEv
                0x00002350       0x20 D:/Program Files/Freescale/CW MCU v10.6/MCU/ARM_GCC_Support/ewl/lib/armv7e-m\libstdc++.a(iostream.o)
 .text._ZNSt3tr16detail18shared_ptr_deleterIcNSt6detail14default_deleteIA_cEESaIvEE7disposeEv
                0x00002370        0xa D:/Program Files/Freescale/CW MCU v10.6/MCU/ARM_GCC_Support/ewl/lib/armv7e-m\libstdc++.a(iostream.o)
                0x00002370                std::tr1::detail::shared_ptr_deleter<char, std::detail::default_delete<char []>, std::allocator<void> >::dispose()
 .text._ZNSt15basic_streambufIwSt11char_traitsIwEE6xsgetnEPwi
                0x0000237a       0x68 D:/Program Files/Freescale/CW MCU v10.6/MCU/ARM_GCC_Support/ewl/lib/armv7e-m\libstdc++.a(iostream.o)
                0x0000237a                std::basic_streambuf<wchar_t, std::char_traits<wchar_t> >::xsgetn(wchar_t*, int)
 .text._ZNSt15basic_streambufIcSt11char_traitsIcEE6xsgetnEPci
                0x000023e2       0x62 D:/Program Files/Freescale/CW MCU v10.6/MCU/ARM_GCC_Support/ewl/lib/armv7e-m\libstdc++.a(iostream.o)
                0x000023e2                std::basic_streambuf<char, std::char_traits<char> >::xsgetn(char*, int)
 .text._ZNSt8ios_base8setstateENS_7iostateE
                0x00002444       0x30 D:/Program Files/Freescale/CW MCU v10.6/MCU/ARM_GCC_Support/ewl/lib/armv7e-m\libstdc++.a(iostream.o)
                0x00002444                std::ios_base::setstate(std::ios_base::iostate)
 .text._ZNSt3tr110shared_ptrIcED2Ev
                0x00002474       0x1e D:/Program Files/Freescale/CW MCU v10.6/MCU/ARM_GCC_Support/ewl/lib/armv7e-m\libstdc++.a(iostream.o)
                0x00002474                std::tr1::shared_ptr<char>::~shared_ptr()
                0x00002474                std::tr1::shared_ptr<char>::~shared_ptr()
 *fill*         0x00002492        0x2 00
 .text._ZNSiC1EPSt15basic_streambufIcSt11char_traitsIcEE
                0x00002494       0x38 D:/Program Files/Freescale/CW MCU v10.6/MCU/ARM_GCC_Support/ewl/lib/armv7e-m\libstdc++.a(iostream.o)
                0x00002494                std::basic_istream<char, std::char_traits<char> >::basic_istream(std::basic_streambuf<char, std::char_traits<char> >*)
 .text._ZNSoC1EPSt15basic_streambufIcSt11char_traitsIcEE
                0x000024cc       0x34 D:/Program Files/Freescale/CW MCU v10.6/MCU/ARM_GCC_Support/ewl/lib/armv7e-m\libstdc++.a(iostream.o)
                0x000024cc                std::basic_ostream<char, std::char_traits<char> >::basic_ostream(std::basic_streambuf<char, std::char_traits<char> >*)
 .text._ZNSt15basic_streambufIcSt11char_traitsIcEE9pubsetbufEPci
                0x00002500        0xa D:/Program Files/Freescale/CW MCU v10.6/MCU/ARM_GCC_Support/ewl/lib/armv7e-m\libstdc++.a(iostream.o)
                0x00002500                std::basic_streambuf<char, std::char_traits<char> >::pubsetbuf(char*, int)
 *fill*         0x0000250a        0x2 00
 .text._ZNSt13basic_istreamIwSt11char_traitsIwEEC1EPSt15basic_streambufIwS1_E
                0x0000250c       0x34 D:/Program Files/Freescale/CW MCU v10.6/MCU/ARM_GCC_Support/ewl/lib/armv7e-m\libstdc++.a(iostream.o)
                0x0000250c                std::basic_istream<wchar_t, std::char_traits<wchar_t> >::basic_istream(std::basic_streambuf<wchar_t, std::char_traits<wchar_t> >*)
 .text._ZNSt13basic_ostreamIwSt11char_traitsIwEEC1EPSt15basic_streambufIwS1_E
                0x00002540       0x30 D:/Program Files/Freescale/CW MCU v10.6/MCU/ARM_GCC_Support/ewl/lib/armv7e-m\libstdc++.a(iostream.o)
                0x00002540                std::basic_ostream<wchar_t, std::char_traits<wchar_t> >::basic_ostream(std::basic_streambuf<wchar_t, std::char_traits<wchar_t> >*)
 .text._ZNSt15basic_streambufIwSt11char_traitsIwEE9pubsetbufEPwi
                0x00002570        0xa D:/Program Files/Freescale/CW MCU v10.6/MCU/ARM_GCC_Support/ewl/lib/armv7e-m\libstdc++.a(iostream.o)
                0x00002570                std::basic_streambuf<wchar_t, std::char_traits<wchar_t> >::pubsetbuf(wchar_t*, int)
 *fill*         0x0000257a        0x2 00
 .text._ZNSt3tr110shared_ptrIcE10initializeIcNSt6detail14default_deleteIA_cEESaIvEEEvPT_T0_RKT1_
                0x0000257c       0x48 D:/Program Files/Freescale/CW MCU v10.6/MCU/ARM_GCC_Support/ewl/lib/armv7e-m\libstdc++.a(iostream.o)
                0x0000257c                void std::tr1::shared_ptr<char>::initialize<char, std::detail::default_delete<char []>, std::allocator<void> >(char*, std::detail::default_delete<char []>, std::allocator<void> const&)
 .text._ZNSt15basic_streambufIcSt11char_traitsIcEEC2Ev
                0x000025c4       0x18 D:/Program Files/Freescale/CW MCU v10.6/MCU/ARM_GCC_Support/ewl/lib/armv7e-m\libstdc++.a(iostream.o)
                0x000025c4                std::basic_streambuf<char, std::char_traits<char> >::basic_streambuf()
                0x000025c4                std::basic_streambuf<char, std::char_traits<char> >::basic_streambuf()
 .text._ZNSt15basic_streambufIwSt11char_traitsIwEEC2Ev
                0x000025dc       0x18 D:/Program Files/Freescale/CW MCU v10.6/MCU/ARM_GCC_Support/ewl/lib/armv7e-m\libstdc++.a(iostream.o)
                0x000025dc                std::basic_streambuf<wchar_t, std::char_traits<wchar_t> >::basic_streambuf()
                0x000025dc                std::basic_streambuf<wchar_t, std::char_traits<wchar_t> >::basic_streambuf()
 .text._ZNSo6sentryD2Ev
                0x000025f4       0x2e D:/Program Files/Freescale/CW MCU v10.6/MCU/ARM_GCC_Support/ewl/lib/armv7e-m\libstdc++.a(iostream.o)
                0x000025f4                std::ostream::sentry::~sentry()
                0x000025f4                std::ostream::sentry::~sentry()
 .text._ZNSo5flushEv
                0x00002622       0x7c D:/Program Files/Freescale/CW MCU v10.6/MCU/ARM_GCC_Support/ewl/lib/armv7e-m\libstdc++.a(iostream.o)
                0x00002622                std::ostream::flush()
 .text._ZNSo6sentryC2ERSo
                0x0000269e       0x84 D:/Program Files/Freescale/CW MCU v10.6/MCU/ARM_GCC_Support/ewl/lib/armv7e-m\libstdc++.a(iostream.o)
                0x0000269e                std::ostream::sentry::sentry(std::ostream&)
                0x0000269e                std::ostream::sentry::sentry(std::ostream&)
 *fill*         0x00002722        0x2 00
 .text._ZNSt7__nInitD2Ev
                0x00002724       0x38 D:/Program Files/Freescale/CW MCU v10.6/MCU/ARM_GCC_Support/ewl/lib/armv7e-m\libstdc++.a(iostream.o)
                0x00002724                std::__nInit::~__nInit()
                0x00002724                std::__nInit::~__nInit()
 .text._ZNSt13basic_ostreamIwSt11char_traitsIwEE6sentryD2Ev
                0x0000275c       0x2e D:/Program Files/Freescale/CW MCU v10.6/MCU/ARM_GCC_Support/ewl/lib/armv7e-m\libstdc++.a(iostream.o)
                0x0000275c                std::basic_ostream<wchar_t, std::char_traits<wchar_t> >::sentry::~sentry()
                0x0000275c                std::basic_ostream<wchar_t, std::char_traits<wchar_t> >::sentry::~sentry()
 .text._ZNSt13basic_ostreamIwSt11char_traitsIwEE5flushEv
                0x0000278a       0x7c D:/Program Files/Freescale/CW MCU v10.6/MCU/ARM_GCC_Support/ewl/lib/armv7e-m\libstdc++.a(iostream.o)
                0x0000278a                std::basic_ostream<wchar_t, std::char_traits<wchar_t> >::flush()
 .text._ZNSt13basic_ostreamIwSt11char_traitsIwEE6sentryC2ERS2_
                0x00002806       0x84 D:/Program Files/Freescale/CW MCU v10.6/MCU/ARM_GCC_Support/ewl/lib/armv7e-m\libstdc++.a(iostream.o)
                0x00002806                std::basic_ostream<wchar_t, std::char_traits<wchar_t> >::sentry::sentry(std::basic_ostream<wchar_t, std::char_traits<wchar_t> >&)
                0x00002806                std::basic_ostream<wchar_t, std::char_traits<wchar_t> >::sentry::sentry(std::basic_ostream<wchar_t, std::char_traits<wchar_t> >&)
 *fill*         0x0000288a        0x2 00
 .text._ZNSt7__wInitD2Ev
                0x0000288c       0x38 D:/Program Files/Freescale/CW MCU v10.6/MCU/ARM_GCC_Support/ewl/lib/armv7e-m\libstdc++.a(iostream.o)
                0x0000288c                std::__wInit::~__wInit()
                0x0000288c                std::__wInit::~__wInit()
 .text._ZN11CodeWarrior11bufferedbufIcSt11char_traitsIcEE13partition_putEv
                0x000028c4       0x30 D:/Program Files/Freescale/CW MCU v10.6/MCU/ARM_GCC_Support/ewl/lib/armv7e-m\libstdc++.a(iostream.o)
                0x000028c4                CodeWarrior::bufferedbuf<char, std::char_traits<char> >::partition_put()
 .text._ZN11CodeWarrior11bufferedbufIcSt11char_traitsIcEE6setbufEPci
                0x000028f4       0xb4 D:/Program Files/Freescale/CW MCU v10.6/MCU/ARM_GCC_Support/ewl/lib/armv7e-m\libstdc++.a(iostream.o)
                0x000028f4                CodeWarrior::bufferedbuf<char, std::char_traits<char> >::setbuf(char*, int)
 .text._ZN11CodeWarrior11bufferedbufIcSt11char_traitsIcEEC2Ej
                0x000029a8       0x5c D:/Program Files/Freescale/CW MCU v10.6/MCU/ARM_GCC_Support/ewl/lib/armv7e-m\libstdc++.a(iostream.o)
                0x000029a8                CodeWarrior::bufferedbuf<char, std::char_traits<char> >::bufferedbuf(unsigned int)
                0x000029a8                CodeWarrior::bufferedbuf<char, std::char_traits<char> >::bufferedbuf(unsigned int)
 .text.__ewl_initialize_file_streams
                0x00002a04      0x120 D:/Program Files/Freescale/CW MCU v10.6/MCU/ARM_GCC_Support/ewl/lib/armv7e-m\libstdc++.a(iostream.o)
                0x00002a04                __ewl_initialize_file_streams
 .text._ZNSt7__nInitC2Ev
                0x00002b24       0x20 D:/Program Files/Freescale/CW MCU v10.6/MCU/ARM_GCC_Support/ewl/lib/armv7e-m\libstdc++.a(iostream.o)
                0x00002b24                std::__nInit::__nInit()
                0x00002b24                std::__nInit::__nInit()
 .text._ZN11CodeWarrior11bufferedbufIwSt11char_traitsIwEE13partition_putEv
                0x00002b44       0x34 D:/Program Files/Freescale/CW MCU v10.6/MCU/ARM_GCC_Support/ewl/lib/armv7e-m\libstdc++.a(iostream.o)
                0x00002b44                CodeWarrior::bufferedbuf<wchar_t, std::char_traits<wchar_t> >::partition_put()
 .text._ZN11CodeWarrior11bufferedbufIwSt11char_traitsIwEE6setbufEPwi
                0x00002b78       0xbc D:/Program Files/Freescale/CW MCU v10.6/MCU/ARM_GCC_Support/ewl/lib/armv7e-m\libstdc++.a(iostream.o)
                0x00002b78                CodeWarrior::bufferedbuf<wchar_t, std::char_traits<wchar_t> >::setbuf(wchar_t*, int)
 .text._ZN11CodeWarrior11bufferedbufIwSt11char_traitsIwEEC2Ej
                0x00002c34       0x5c D:/Program Files/Freescale/CW MCU v10.6/MCU/ARM_GCC_Support/ewl/lib/armv7e-m\libstdc++.a(iostream.o)
                0x00002c34                CodeWarrior::bufferedbuf<wchar_t, std::char_traits<wchar_t> >::bufferedbuf(unsigned int)
                0x00002c34                CodeWarrior::bufferedbuf<wchar_t, std::char_traits<wchar_t> >::bufferedbuf(unsigned int)
 .text.__ewl_initialize_w_file_streams
                0x00002c90      0x120 D:/Program Files/Freescale/CW MCU v10.6/MCU/ARM_GCC_Support/ewl/lib/armv7e-m\libstdc++.a(iostream.o)
                0x00002c90                __ewl_initialize_w_file_streams
 .text._ZNSt7__wInitC2Ev
                0x00002db0       0x20 D:/Program Files/Freescale/CW MCU v10.6/MCU/ARM_GCC_Support/ewl/lib/armv7e-m\libstdc++.a(iostream.o)
                0x00002db0                std::__wInit::__wInit()
                0x00002db0                std::__wInit::__wInit()
 .text._ZN11CodeWarrior11bufferedbufIcSt11char_traitsIcEE9flush_putEv
                0x00002dd0       0x50 D:/Program Files/Freescale/CW MCU v10.6/MCU/ARM_GCC_Support/ewl/lib/armv7e-m\libstdc++.a(iostream.o)
                0x00002dd0                CodeWarrior::bufferedbuf<char, std::char_traits<char> >::flush_put()
 .text._ZN11CodeWarrior11bufferedbufIcSt11char_traitsIcEE9underflowEv
                0x00002e20       0x88 D:/Program Files/Freescale/CW MCU v10.6/MCU/ARM_GCC_Support/ewl/lib/armv7e-m\libstdc++.a(iostream.o)
                0x00002e20                CodeWarrior::bufferedbuf<char, std::char_traits<char> >::underflow()
 .text._ZN11CodeWarrior11bufferedbufIcSt11char_traitsIcEE9empty_getEv
                0x00002ea8       0x36 D:/Program Files/Freescale/CW MCU v10.6/MCU/ARM_GCC_Support/ewl/lib/armv7e-m\libstdc++.a(iostream.o)
                0x00002ea8                CodeWarrior::bufferedbuf<char, std::char_traits<char> >::empty_get()
 .text._ZN11CodeWarrior11bufferedbufIcSt11char_traitsIcEE4syncEv
                0x00002ede       0x24 D:/Program Files/Freescale/CW MCU v10.6/MCU/ARM_GCC_Support/ewl/lib/armv7e-m\libstdc++.a(iostream.o)
                0x00002ede                CodeWarrior::bufferedbuf<char, std::char_traits<char> >::sync()
 .text._ZN11CodeWarrior17console_outputbufIcSt11char_traitsIcEE4syncEv
                0x00002f02       0x18 D:/Program Files/Freescale/CW MCU v10.6/MCU/ARM_GCC_Support/ewl/lib/armv7e-m\libstdc++.a(iostream.o)
                0x00002f02                CodeWarrior::console_outputbuf<char, std::char_traits<char> >::sync()
 .text._ZN11CodeWarrior11bufferedbufIcSt11char_traitsIcEE8overflowEi
                0x00002f1a       0x54 D:/Program Files/Freescale/CW MCU v10.6/MCU/ARM_GCC_Support/ewl/lib/armv7e-m\libstdc++.a(iostream.o)
                0x00002f1a                CodeWarrior::bufferedbuf<char, std::char_traits<char> >::overflow(int)
 .text._ZN11CodeWarrior11bufferedbufIwSt11char_traitsIwEE9flush_putEv
                0x00002f6e       0x50 D:/Program Files/Freescale/CW MCU v10.6/MCU/ARM_GCC_Support/ewl/lib/armv7e-m\libstdc++.a(iostream.o)
                0x00002f6e                CodeWarrior::bufferedbuf<wchar_t, std::char_traits<wchar_t> >::flush_put()
 .text._ZN11CodeWarrior11bufferedbufIwSt11char_traitsIwEE9empty_getEv
                0x00002fbe       0x38 D:/Program Files/Freescale/CW MCU v10.6/MCU/ARM_GCC_Support/ewl/lib/armv7e-m\libstdc++.a(iostream.o)
                0x00002fbe                CodeWarrior::bufferedbuf<wchar_t, std::char_traits<wchar_t> >::empty_get()
 .text._ZN11CodeWarrior11bufferedbufIwSt11char_traitsIwEE4syncEv
                0x00002ff6       0x24 D:/Program Files/Freescale/CW MCU v10.6/MCU/ARM_GCC_Support/ewl/lib/armv7e-m\libstdc++.a(iostream.o)
                0x00002ff6                CodeWarrior::bufferedbuf<wchar_t, std::char_traits<wchar_t> >::sync()
 .text._ZN11CodeWarrior17console_outputbufIwSt11char_traitsIwEE4syncEv
                0x0000301a       0x18 D:/Program Files/Freescale/CW MCU v10.6/MCU/ARM_GCC_Support/ewl/lib/armv7e-m\libstdc++.a(iostream.o)
                0x0000301a                CodeWarrior::console_outputbuf<wchar_t, std::char_traits<wchar_t> >::sync()
 .text._ZN11CodeWarrior11bufferedbufIwSt11char_traitsIwEE8overflowEw
                0x00003032       0x52 D:/Program Files/Freescale/CW MCU v10.6/MCU/ARM_GCC_Support/ewl/lib/armv7e-m\libstdc++.a(iostream.o)
                0x00003032                CodeWarrior::bufferedbuf<wchar_t, std::char_traits<wchar_t> >::overflow(wchar_t)
 .text._ZN11CodeWarrior11bufferedbufIwSt11char_traitsIwEE8fill_getEv
                0x00003084       0x70 D:/Program Files/Freescale/CW MCU v10.6/MCU/ARM_GCC_Support/ewl/lib/armv7e-m\libstdc++.a(iostream.o)
                0x00003084                CodeWarrior::bufferedbuf<wchar_t, std::char_traits<wchar_t> >::fill_get()
 .text._ZN11CodeWarrior11bufferedbufIwSt11char_traitsIwEE9underflowEv
                0x000030f4       0x5a D:/Program Files/Freescale/CW MCU v10.6/MCU/ARM_GCC_Support/ewl/lib/armv7e-m\libstdc++.a(iostream.o)
                0x000030f4                CodeWarrior::bufferedbuf<wchar_t, std::char_traits<wchar_t> >::underflow()
 .text._ZN11CodeWarrior16console_inputbufIwSt11char_traitsIwEE6unreadEw
                0x0000314e       0x24 D:/Program Files/Freescale/CW MCU v10.6/MCU/ARM_GCC_Support/ewl/lib/armv7e-m\libstdc++.a(iostream.o)
                0x0000314e                CodeWarrior::console_inputbuf<wchar_t, std::char_traits<wchar_t> >::unread(wchar_t)
 .text._ZN11CodeWarrior16console_inputbufIwSt11char_traitsIwEE9pbackfailEw
                0x00003172       0x66 D:/Program Files/Freescale/CW MCU v10.6/MCU/ARM_GCC_Support/ewl/lib/armv7e-m\libstdc++.a(iostream.o)
                0x00003172                CodeWarrior::console_inputbuf<wchar_t, std::char_traits<wchar_t> >::pbackfail(wchar_t)
 .text._ZN11CodeWarrior16console_inputbufIwSt11char_traitsIwEE4syncEv
                0x000031d8       0x2c D:/Program Files/Freescale/CW MCU v10.6/MCU/ARM_GCC_Support/ewl/lib/armv7e-m\libstdc++.a(iostream.o)
                0x000031d8                CodeWarrior::console_inputbuf<wchar_t, std::char_traits<wchar_t> >::sync()
 .text._ZN11CodeWarrior16console_inputbufIwSt11char_traitsIwEE8read_oneEb
                0x00003204       0x5e D:/Program Files/Freescale/CW MCU v10.6/MCU/ARM_GCC_Support/ewl/lib/armv7e-m\libstdc++.a(iostream.o)
                0x00003204                CodeWarrior::console_inputbuf<wchar_t, std::char_traits<wchar_t> >::read_one(bool)
 .text._ZN11CodeWarrior16console_inputbufIwSt11char_traitsIwEE5uflowEv
                0x00003262       0x2e D:/Program Files/Freescale/CW MCU v10.6/MCU/ARM_GCC_Support/ewl/lib/armv7e-m\libstdc++.a(iostream.o)
                0x00003262                CodeWarrior::console_inputbuf<wchar_t, std::char_traits<wchar_t> >::uflow()
 .text._ZN11CodeWarrior16console_inputbufIwSt11char_traitsIwEE9underflowEv
                0x00003290       0x2e D:/Program Files/Freescale/CW MCU v10.6/MCU/ARM_GCC_Support/ewl/lib/armv7e-m\libstdc++.a(iostream.o)
                0x00003290                CodeWarrior::console_inputbuf<wchar_t, std::char_traits<wchar_t> >::underflow()
 .text._ZN11CodeWarrior16console_inputbufIcSt11char_traitsIcEE6unreadEc
                0x000032be       0x1a D:/Program Files/Freescale/CW MCU v10.6/MCU/ARM_GCC_Support/ewl/lib/armv7e-m\libstdc++.a(iostream.o)
                0x000032be                CodeWarrior::console_inputbuf<char, std::char_traits<char> >::unread(char)
 .text._ZN11CodeWarrior16console_inputbufIcSt11char_traitsIcEE9pbackfailEi
                0x000032d8       0x6e D:/Program Files/Freescale/CW MCU v10.6/MCU/ARM_GCC_Support/ewl/lib/armv7e-m\libstdc++.a(iostream.o)
                0x000032d8                CodeWarrior::console_inputbuf<char, std::char_traits<char> >::pbackfail(int)
 .text._ZN11CodeWarrior16console_inputbufIcSt11char_traitsIcEE4syncEv
                0x00003346       0x2e D:/Program Files/Freescale/CW MCU v10.6/MCU/ARM_GCC_Support/ewl/lib/armv7e-m\libstdc++.a(iostream.o)
                0x00003346                CodeWarrior::console_inputbuf<char, std::char_traits<char> >::sync()
 .text._ZN11CodeWarrior16console_inputbufIcSt11char_traitsIcEE8read_oneEb
                0x00003374       0x64 D:/Program Files/Freescale/CW MCU v10.6/MCU/ARM_GCC_Support/ewl/lib/armv7e-m\libstdc++.a(iostream.o)
                0x00003374                CodeWarrior::console_inputbuf<char, std::char_traits<char> >::read_one(bool)
 .text._ZN11CodeWarrior16console_inputbufIcSt11char_traitsIcEE5uflowEv
                0x000033d8       0x32 D:/Program Files/Freescale/CW MCU v10.6/MCU/ARM_GCC_Support/ewl/lib/armv7e-m\libstdc++.a(iostream.o)
                0x000033d8                CodeWarrior::console_inputbuf<char, std::char_traits<char> >::uflow()
 .text._ZN11CodeWarrior16console_inputbufIcSt11char_traitsIcEE9underflowEv
                0x0000340a       0x32 D:/Program Files/Freescale/CW MCU v10.6/MCU/ARM_GCC_Support/ewl/lib/armv7e-m\libstdc++.a(iostream.o)
                0x0000340a                CodeWarrior::console_inputbuf<char, std::char_traits<char> >::underflow()
 .text.startup._GLOBAL__sub_I__ZNSt8ios_base6index_E
                0x0000343c       0x78 D:/Program Files/Freescale/CW MCU v10.6/MCU/ARM_GCC_Support/ewl/lib/armv7e-m\libstdc++.a(iostream.o)
 .text.exit._GLOBAL__sub_D__ZNSt8ios_base6index_E
                0x000034b4       0x54 D:/Program Files/Freescale/CW MCU v10.6/MCU/ARM_GCC_Support/ewl/lib/armv7e-m\libstdc++.a(iostream.o)
 .text._ZNSt3tr16detail25shared_ptr_deleter_common12release_weakEv
                0x00003508       0x12 D:/Program Files/Freescale/CW MCU v10.6/MCU/ARM_GCC_Support/ewl/lib/armv7e-m\libstdc++.a(ewl_thread.o)
                0x00003508                std::tr1::detail::shared_ptr_deleter_common::release_weak()
 .text._ZNSt3tr16detail25shared_ptr_deleter_common7releaseEv
                0x0000351a       0x1e D:/Program Files/Freescale/CW MCU v10.6/MCU/ARM_GCC_Support/ewl/lib/armv7e-m\libstdc++.a(ewl_thread.o)
                0x0000351a                std::tr1::detail::shared_ptr_deleter_common::release()
 .text._ZNSt10_EWLstringC2EPKc
                0x00003538       0x30 D:/Program Files/Freescale/CW MCU v10.6/MCU/ARM_GCC_Support/ewl/lib/armv7e-m\libstdc++.a(ewl_thread.o)
                0x00003538                std::_EWLstring::_EWLstring(char const*)
                0x00003538                std::_EWLstring::_EWLstring(char const*)
 .text._ZNKSt8ios_base7failure4whatEv
                0x00003568        0x4 D:/Program Files/Freescale/CW MCU v10.6/MCU/ARM_GCC_Support/ewl/lib/armv7e-m\libstdc++.a(ios.o)
                0x00003568                std::ios_base::failure::what() const
 .text._ZNSt8ios_baseD2Ev
                0x0000356c       0x44 D:/Program Files/Freescale/CW MCU v10.6/MCU/ARM_GCC_Support/ewl/lib/armv7e-m\libstdc++.a(ios.o)
                0x0000356c                std::ios_base::~ios_base()
                0x0000356c                std::ios_base::~ios_base()
 .text._ZNSt8ios_baseD0Ev
                0x000035b0       0x12 D:/Program Files/Freescale/CW MCU v10.6/MCU/ARM_GCC_Support/ewl/lib/armv7e-m\libstdc++.a(ios.o)
                0x000035b0                std::ios_base::~ios_base()
 .text._ZNSt8ios_base4initEPv
                0x000035c2       0x2e D:/Program Files/Freescale/CW MCU v10.6/MCU/ARM_GCC_Support/ewl/lib/armv7e-m\libstdc++.a(ios.o)
                0x000035c2                std::ios_base::init(void*)
 .text._ZNSt8ios_base7failureD2Ev
                0x000035f0       0x20 D:/Program Files/Freescale/CW MCU v10.6/MCU/ARM_GCC_Support/ewl/lib/armv7e-m\libstdc++.a(ios.o)
                0x000035f0                std::ios_base::failure::~failure()
                0x000035f0                std::ios_base::failure::~failure()
 .text._ZNSt8ios_base7failureD0Ev
                0x00003610       0x12 D:/Program Files/Freescale/CW MCU v10.6/MCU/ARM_GCC_Support/ewl/lib/armv7e-m\libstdc++.a(ios.o)
                0x00003610                std::ios_base::failure::~failure()
 *fill*         0x00003622        0x2 00
 .text._ZNSt8ios_base13throw_failureEPKc
                0x00003624       0x40 D:/Program Files/Freescale/CW MCU v10.6/MCU/ARM_GCC_Support/ewl/lib/armv7e-m\libstdc++.a(ios.o)
                0x00003624                std::ios_base::throw_failure(char const*)
 .text.__get_char
                0x00003664       0x7e D:/Program Files/Freescale/CW MCU v10.6/MCU/ARM_GCC_Support/ewl/lib/armv7e-m\libc99.a(__getchar.o)
                0x00003664                __get_char
 *fill*         0x000036e2        0x2 00
 .text.__flush_all
                0x000036e4       0x30 D:/Program Files/Freescale/CW MCU v10.6/MCU/ARM_GCC_Support/ewl/lib/armv7e-m\libc99.a(ansi_files.o)
                0x000036e4                __flush_all
 .text.fflush   0x00003714       0x5c D:/Program Files/Freescale/CW MCU v10.6/MCU/ARM_GCC_Support/ewl/lib/armv7e-m\libc99.a(fflush.o)
                0x00003714                fflush
 .text.__fwrite
                0x00003770      0x16e D:/Program Files/Freescale/CW MCU v10.6/MCU/ARM_GCC_Support/ewl/lib/armv7e-m\libc99.a(fwrite.o)
                0x00003770                __fwrite
 .text.__ungetc
                0x000038de       0x4c D:/Program Files/Freescale/CW MCU v10.6/MCU/ARM_GCC_Support/ewl/lib/armv7e-m\libc99.a(ungetc.o)
                0x000038de                __ungetc
 .text.ungetc   0x0000392a        0x4 D:/Program Files/Freescale/CW MCU v10.6/MCU/ARM_GCC_Support/ewl/lib/armv7e-m\libc99.a(ungetc.o)
                0x0000392a                ungetc
 *fill*         0x0000392e        0x2 00
 .text.sbrk     0x00003930       0x28 D:/Program Files/Freescale/CW MCU v10.6/MCU/ARM_GCC_Support/ewl/lib/armv7e-m\libc99.a(alloc.o)
                0x00003930                sbrk
 .text.malloc   0x00003958      0x104 D:/Program Files/Freescale/CW MCU v10.6/MCU/ARM_GCC_Support/ewl/lib/armv7e-m\libc99.a(alloc.o)
                0x00003958                malloc
 .text.free     0x00003a5c       0x10 D:/Program Files/Freescale/CW MCU v10.6/MCU/ARM_GCC_Support/ewl/lib/armv7e-m\libc99.a(alloc.o)
                0x00003a5c                free
 .text.atexit   0x00003a6c        0x4 D:/Program Files/Freescale/CW MCU v10.6/MCU/ARM_GCC_Support/ewl/lib/armv7e-m\libc99.a(atexit.o)
                0x00003a6c                atexit
 .text.exit     0x00003a70       0x38 D:/Program Files/Freescale/CW MCU v10.6/MCU/ARM_GCC_Support/ewl/lib/armv7e-m\libc99.a(exit.o)
                0x00003a70                exit
 .text.__memrchr
                0x00003aa8       0x1c D:/Program Files/Freescale/CW MCU v10.6/MCU/ARM_GCC_Support/ewl/lib/armv7e-m\libc99.a(__memrchr.o)
                0x00003aa8                __memrchr
 .text.memcpy   0x00003ac4       0x12 D:/Program Files/Freescale/CW MCU v10.6/MCU/ARM_GCC_Support/ewl/lib/armv7e-m\libc99.a(memcpy.o)
                0x00003ac4                memcpy
 .text.memmove  0x00003ad6       0x30 D:/Program Files/Freescale/CW MCU v10.6/MCU/ARM_GCC_Support/ewl/lib/armv7e-m\libc99.a(memmove.o)
                0x00003ad6                memmove
 .text.memset   0x00003b06        0xc D:/Program Files/Freescale/CW MCU v10.6/MCU/ARM_GCC_Support/ewl/lib/armv7e-m\libc99.a(memset.o)
                0x00003b06                memset
 .text.strcpy   0x00003b12        0xe D:/Program Files/Freescale/CW MCU v10.6/MCU/ARM_GCC_Support/ewl/lib/armv7e-m\libc99.a(strcpy.o)
                0x00003b12                strcpy
 .text.strlen   0x00003b20       0x10 D:/Program Files/Freescale/CW MCU v10.6/MCU/ARM_GCC_Support/ewl/lib/armv7e-m\libc99.a(strlen.o)
                0x00003b20                strlen
 .text.fwide    0x00003b30       0x36 D:/Program Files/Freescale/CW MCU v10.6/MCU/ARM_GCC_Support/ewl/lib/armv7e-m\libc99.a(__wgetchar.o)
                0x00003b30                fwide
 .text.wmemcpy  0x00003b66        0x6 D:/Program Files/Freescale/CW MCU v10.6/MCU/ARM_GCC_Support/ewl/lib/armv7e-m\libc99.a(wmemcpy.o)
                0x00003b66                wmemcpy
 .text.__prep_buffer
                0x00003b6c       0x16 D:/Program Files/Freescale/CW MCU v10.6/MCU/ARM_GCC_Support/ewl/lib/armv7e-m\libc99.a(__buffer_io.o)
                0x00003b6c                __prep_buffer
 .text.__load_buffer
                0x00003b82       0x44 D:/Program Files/Freescale/CW MCU v10.6/MCU/ARM_GCC_Support/ewl/lib/armv7e-m\libc99.a(__buffer_io.o)
                0x00003b82                __load_buffer
 .text.__flush_buffer
                0x00003bc6       0x36 D:/Program Files/Freescale/CW MCU v10.6/MCU/ARM_GCC_Support/ewl/lib/armv7e-m\libc99.a(__buffer_io.o)
                0x00003bc6                __flush_buffer
 .text.abort    0x00003bfc       0x24 D:/Program Files/Freescale/CW MCU v10.6/MCU/ARM_GCC_Support/ewl/lib/armv7e-m\libc99.a(abort.o)
                0x00003bfc                abort
 .text.__fill_mem
                0x00003c20       0x76 D:/Program Files/Freescale/CW MCU v10.6/MCU/ARM_GCC_Support/ewl/lib/armv7e-m\libc99.a(__filll_mem.o)
                0x00003c20                __fill_mem
 *fill*         0x00003c96        0x2 00
 .text.raise    0x00003c98       0x38 D:/Program Files/Freescale/CW MCU v10.6/MCU/ARM_GCC_Support/ewl/lib/armv7e-m\libc99.a(raise.o)
                0x00003c98                raise
 .text.strcmp   0x00003cd0       0x1a D:/Program Files/Freescale/CW MCU v10.6/MCU/ARM_GCC_Support/ewl/lib/armv7e-m\libc99.a(strcmp.o)
                0x00003cd0                strcmp
 *fill*         0x00003cea        0x2 00
 .text.__init_cpp
                0x00003cec       0x4c D:/Program Files/Freescale/CW MCU v10.6/MCU/ARM_GCC_Support/ewl/lib/armv7e-m\librt.a(gcc_ctor_dtor.o)
                0x00003cec                __init_cpp
 .text.__fini_cpp
                0x00003d38       0x34 D:/Program Files/Freescale/CW MCU v10.6/MCU/ARM_GCC_Support/ewl/lib/armv7e-m\librt.a(gcc_ctor_dtor.o)
                0x00003d38                __fini_cpp
 .text.__copy_rom_section
                0x00003d6c       0x44 D:/Program Files/Freescale/CW MCU v10.6/MCU/ARM_GCC_Support/ewl/lib/armv7e-m\librt.a(ROMCopy.o)
                0x00003d6c                __copy_rom_section
 .text.__copy_rom_sections_to_ram
                0x00003db0       0x30 D:/Program Files/Freescale/CW MCU v10.6/MCU/ARM_GCC_Support/ewl/lib/armv7e-m\librt.a(ROMCopy.o)
                0x00003db0                __copy_rom_sections_to_ram
 .text.__destroy_global_chain
                0x00003de0       0x18 D:/Program Files/Freescale/CW MCU v10.6/MCU/ARM_GCC_Support/ewl/lib/armv7e-m\librt.a(__arm_eabi_init.o)
                0x00003de0                __destroy_global_chain
 .text.__cxa_atexit
                0x00003df8       0x38 D:/Program Files/Freescale/CW MCU v10.6/MCU/ARM_GCC_Support/ewl/lib/armv7e-m\librt.a(__arm_eabi_init.o)
                0x00003df8                __cxa_atexit
 .text.__aeabi_atexit
                0x00003e30        0xa D:/Program Files/Freescale/CW MCU v10.6/MCU/ARM_GCC_Support/ewl/lib/armv7e-m\librt.a(__arm_eabi_init.o)
                0x00003e30                __aeabi_atexit
 .text.__register_atexit
                0x00003e3a        0x8 D:/Program Files/Freescale/CW MCU v10.6/MCU/ARM_GCC_Support/ewl/lib/armv7e-m\librt.a(__arm_eabi_init.o)
                0x00003e3a                __register_atexit
 *fill*         0x00003e42        0x2 00
 .text.__init_registers
                0x00003e44       0x24 D:/Program Files/Freescale/CW MCU v10.6/MCU/ARM_GCC_Support/ewl/lib/armv7e-m\librt.a(__arm_eabi_init.o)
                0x00003e44                __init_registers
 .text.__init_user
                0x00003e68        0x4 D:/Program Files/Freescale/CW MCU v10.6/MCU/ARM_GCC_Support/ewl/lib/armv7e-m\librt.a(__arm_eabi_init.o)
                0x00003e68                __init_user
 .text._ZNSt9bad_allocD2Ev
                0x00003e6c        0xc D:/Program Files/Freescale/CW MCU v10.6/MCU/ARM_GCC_Support/ewl/lib/armv7e-m\librt.a(New.o)
                0x00003e6c                std::bad_alloc::~bad_alloc()
                0x00003e6c                std::bad_alloc::~bad_alloc()
 .text._ZNKSt9bad_alloc4whatEv
                0x00003e78        0x8 D:/Program Files/Freescale/CW MCU v10.6/MCU/ARM_GCC_Support/ewl/lib/armv7e-m\librt.a(New.o)
                0x00003e78                std::bad_alloc::what() const
 .text._Znwj    0x00003e80       0x4c D:/Program Files/Freescale/CW MCU v10.6/MCU/ARM_GCC_Support/ewl/lib/armv7e-m\librt.a(New.o)
                0x00003e80                operator new(unsigned int)
 .text._ZdlPv   0x00003ecc        0x8 D:/Program Files/Freescale/CW MCU v10.6/MCU/ARM_GCC_Support/ewl/lib/armv7e-m\librt.a(New.o)
                0x00003ecc                operator delete(void*)
 .text._ZNSt9bad_allocD0Ev
                0x00003ed4       0x14 D:/Program Files/Freescale/CW MCU v10.6/MCU/ARM_GCC_Support/ewl/lib/armv7e-m\librt.a(New.o)
                0x00003ed4                std::bad_alloc::~bad_alloc()
 .text._Znaj    0x00003ee8       0x14 D:/Program Files/Freescale/CW MCU v10.6/MCU/ARM_GCC_Support/ewl/lib/armv7e-m\librt.a(New.o)
                0x00003ee8                operator new[](unsigned int)
 .text._ZdaPv   0x00003efc        0x8 D:/Program Files/Freescale/CW MCU v10.6/MCU/ARM_GCC_Support/ewl/lib/armv7e-m\librt.a(New.o)
                0x00003efc                operator delete[](void*)
 .text._ZNK10__cxxabiv117__class_type_info11__do_upcastEPKS0_PPv
                0x00003f04       0x38 d:/program files/freescale/cw mcu v10.6/cross_tools/arm-none-eabi-gcc-4_7_3/bin/../lib/gcc/arm-none-eabi/4.7.3/../../../../arm-none-eabi/lib/armv7e-m\libsupc++.a(class_type_info.o)
                0x00003f04                __cxxabiv1::__class_type_info::__do_upcast(__cxxabiv1::__class_type_info const*, void**) const
 .text._ZNK10__cxxabiv117__class_type_info20__do_find_public_srcEiPKvPKS0_S2_
                0x00003f3c        0xc d:/program files/freescale/cw mcu v10.6/cross_tools/arm-none-eabi-gcc-4_7_3/bin/../lib/gcc/arm-none-eabi/4.7.3/../../../../arm-none-eabi/lib/armv7e-m\libsupc++.a(class_type_info.o)
                0x00003f3c                __cxxabiv1::__class_type_info::__do_find_public_src(int, void const*, __cxxabiv1::__class_type_info const*, void const*) const
 .text._ZNK10__cxxabiv117__class_type_info11__do_upcastEPKS0_PKvRNS0_15__upcast_resultE
                0x00003f48       0x1c d:/program files/freescale/cw mcu v10.6/cross_tools/arm-none-eabi-gcc-4_7_3/bin/../lib/gcc/arm-none-eabi/4.7.3/../../../../arm-none-eabi/lib/armv7e-m\libsupc++.a(class_type_info.o)
                0x00003f48                __cxxabiv1::__class_type_info::__do_upcast(__cxxabiv1::__class_type_info const*, void const*, __cxxabiv1::__class_type_info::__upcast_result&) const
 .text._ZN10__cxxabiv117__class_type_infoD2Ev
                0x00003f64       0x14 d:/program files/freescale/cw mcu v10.6/cross_tools/arm-none-eabi-gcc-4_7_3/bin/../lib/gcc/arm-none-eabi/4.7.3/../../../../arm-none-eabi/lib/armv7e-m\libsupc++.a(class_type_info.o)
                0x00003f64                __cxxabiv1::__class_type_info::~__class_type_info()
                0x00003f64                __cxxabiv1::__class_type_info::~__class_type_info()
 .text._ZN10__cxxabiv117__class_type_infoD0Ev
                0x00003f78       0x14 d:/program files/freescale/cw mcu v10.6/cross_tools/arm-none-eabi-gcc-4_7_3/bin/../lib/gcc/arm-none-eabi/4.7.3/../../../../arm-none-eabi/lib/armv7e-m\libsupc++.a(class_type_info.o)
                0x00003f78                __cxxabiv1::__class_type_info::~__class_type_info()
 .text._ZNK10__cxxabiv117__class_type_info12__do_dyncastEiNS0_10__sub_kindEPKS0_PKvS3_S5_RNS0_16__dyncast_resultE
                0x00003f8c       0x40 d:/program files/freescale/cw mcu v10.6/cross_tools/arm-none-eabi-gcc-4_7_3/bin/../lib/gcc/arm-none-eabi/4.7.3/../../../../arm-none-eabi/lib/armv7e-m\libsupc++.a(class_type_info.o)
                0x00003f8c                __cxxabiv1::__class_type_info::__do_dyncast(int, __cxxabiv1::__class_type_info::__sub_kind, __cxxabiv1::__class_type_info const*, void const*, __cxxabiv1::__class_type_info const*, void const*, __cxxabiv1::__class_type_info::__dyncast_result&) const
 .text._ZNK10__cxxabiv117__class_type_info10__do_catchEPKSt9type_infoPPvj
                0x00003fcc       0x28 d:/program files/freescale/cw mcu v10.6/cross_tools/arm-none-eabi-gcc-4_7_3/bin/../lib/gcc/arm-none-eabi/4.7.3/../../../../arm-none-eabi/lib/armv7e-m\libsupc++.a(class_type_info.o)
                0x00003fcc                __cxxabiv1::__class_type_info::__do_catch(std::type_info const*, void**, unsigned int) const
 .text.__cxa_allocate_exception
                0x00003ff4       0x70 d:/program files/freescale/cw mcu v10.6/cross_tools/arm-none-eabi-gcc-4_7_3/bin/../lib/gcc/arm-none-eabi/4.7.3/../../../../arm-none-eabi/lib/armv7e-m\libsupc++.a(eh_alloc.o)
                0x00003ff4                __cxa_allocate_exception
 .text.__cxa_free_exception
                0x00004064       0x34 d:/program files/freescale/cw mcu v10.6/cross_tools/arm-none-eabi-gcc-4_7_3/bin/../lib/gcc/arm-none-eabi/4.7.3/../../../../arm-none-eabi/lib/armv7e-m\libsupc++.a(eh_alloc.o)
                0x00004064                __cxa_free_exception
 .text.__cxa_end_cleanup
                0x00004098        0xc d:/program files/freescale/cw mcu v10.6/cross_tools/arm-none-eabi-gcc-4_7_3/bin/../lib/gcc/arm-none-eabi/4.7.3/../../../../arm-none-eabi/lib/armv7e-m\libsupc++.a(eh_arm.o)
                0x00004098                __cxa_end_cleanup
 .text.__cxa_type_match
                0x000040a4       0xb0 d:/program files/freescale/cw mcu v10.6/cross_tools/arm-none-eabi-gcc-4_7_3/bin/../lib/gcc/arm-none-eabi/4.7.3/../../../../arm-none-eabi/lib/armv7e-m\libsupc++.a(eh_arm.o)
                0x000040a4                __cxa_type_match
 .text.__cxa_begin_cleanup
                0x00004154       0x64 d:/program files/freescale/cw mcu v10.6/cross_tools/arm-none-eabi-gcc-4_7_3/bin/../lib/gcc/arm-none-eabi/4.7.3/../../../../arm-none-eabi/lib/armv7e-m\libsupc++.a(eh_arm.o)
                0x00004154                __cxa_begin_cleanup
 .text.__gnu_end_cleanup
                0x000041b8       0x74 d:/program files/freescale/cw mcu v10.6/cross_tools/arm-none-eabi-gcc-4_7_3/bin/../lib/gcc/arm-none-eabi/4.7.3/../../../../arm-none-eabi/lib/armv7e-m\libsupc++.a(eh_arm.o)
                0x000041b8                __gnu_end_cleanup
 .text._ZN10__cxxabiv1L24__is_gxx_exception_classEPc
                0x0000422c       0x3c d:/program files/freescale/cw mcu v10.6/cross_tools/arm-none-eabi-gcc-4_7_3/bin/../lib/gcc/arm-none-eabi/4.7.3/../../../../arm-none-eabi/lib/armv7e-m\libsupc++.a(eh_call.o)
 .text.__cxa_call_terminate
                0x00004268       0x20 d:/program files/freescale/cw mcu v10.6/cross_tools/arm-none-eabi-gcc-4_7_3/bin/../lib/gcc/arm-none-eabi/4.7.3/../../../../arm-none-eabi/lib/armv7e-m\libsupc++.a(eh_call.o)
                0x00004268                __cxa_call_terminate
 .text.__cxa_call_unexpected
                0x00004288       0xe4 d:/program files/freescale/cw mcu v10.6/cross_tools/arm-none-eabi-gcc-4_7_3/bin/../lib/gcc/arm-none-eabi/4.7.3/../../../../arm-none-eabi/lib/armv7e-m\libsupc++.a(eh_call.o)
                0x00004288                __cxa_call_unexpected
 .text.__cxa_begin_catch
                0x0000436c       0x8c d:/program files/freescale/cw mcu v10.6/cross_tools/arm-none-eabi-gcc-4_7_3/bin/../lib/gcc/arm-none-eabi/4.7.3/../../../../arm-none-eabi/lib/armv7e-m\libsupc++.a(eh_catch.o)
                0x0000436c                __cxa_begin_catch
 .text.__cxa_end_catch
                0x000043f8       0x8c d:/program files/freescale/cw mcu v10.6/cross_tools/arm-none-eabi-gcc-4_7_3/bin/../lib/gcc/arm-none-eabi/4.7.3/../../../../arm-none-eabi/lib/armv7e-m\libsupc++.a(eh_catch.o)
                0x000043f8                __cxa_end_catch
 .text._ZNSt9exceptionD2Ev
                0x00004484        0xc d:/program files/freescale/cw mcu v10.6/cross_tools/arm-none-eabi-gcc-4_7_3/bin/../lib/gcc/arm-none-eabi/4.7.3/../../../../arm-none-eabi/lib/armv7e-m\libsupc++.a(eh_exception.o)
                0x00004484                std::exception::~exception()
                0x00004484                std::exception::~exception()
 .text._ZNSt13bad_exceptionD2Ev
                0x00004490        0xc d:/program files/freescale/cw mcu v10.6/cross_tools/arm-none-eabi-gcc-4_7_3/bin/../lib/gcc/arm-none-eabi/4.7.3/../../../../arm-none-eabi/lib/armv7e-m\libsupc++.a(eh_exception.o)
                0x00004490                std::bad_exception::~bad_exception()
                0x00004490                std::bad_exception::~bad_exception()
 .text._ZNKSt9exception4whatEv
                0x0000449c        0xc d:/program files/freescale/cw mcu v10.6/cross_tools/arm-none-eabi-gcc-4_7_3/bin/../lib/gcc/arm-none-eabi/4.7.3/../../../../arm-none-eabi/lib/armv7e-m\libsupc++.a(eh_exception.o)
                0x0000449c                std::exception::what() const
 .text._ZNKSt13bad_exception4whatEv
                0x000044a8        0xc d:/program files/freescale/cw mcu v10.6/cross_tools/arm-none-eabi-gcc-4_7_3/bin/../lib/gcc/arm-none-eabi/4.7.3/../../../../arm-none-eabi/lib/armv7e-m\libsupc++.a(eh_exception.o)
                0x000044a8                std::bad_exception::what() const
 .text._ZNSt9exceptionD0Ev
                0x000044b4       0x14 d:/program files/freescale/cw mcu v10.6/cross_tools/arm-none-eabi-gcc-4_7_3/bin/../lib/gcc/arm-none-eabi/4.7.3/../../../../arm-none-eabi/lib/armv7e-m\libsupc++.a(eh_exception.o)
                0x000044b4                std::exception::~exception()
 .text._ZNSt13bad_exceptionD0Ev
                0x000044c8       0x14 d:/program files/freescale/cw mcu v10.6/cross_tools/arm-none-eabi-gcc-4_7_3/bin/../lib/gcc/arm-none-eabi/4.7.3/../../../../arm-none-eabi/lib/armv7e-m\libsupc++.a(eh_exception.o)
                0x000044c8                std::bad_exception::~bad_exception()
 .text.__cxa_get_globals_fast
                0x000044dc        0xc d:/program files/freescale/cw mcu v10.6/cross_tools/arm-none-eabi-gcc-4_7_3/bin/../lib/gcc/arm-none-eabi/4.7.3/../../../../arm-none-eabi/lib/armv7e-m\libsupc++.a(eh_globals.o)
                0x000044dc                __cxa_get_globals_fast
 .text.__cxa_get_globals
                0x000044e8        0xc d:/program files/freescale/cw mcu v10.6/cross_tools/arm-none-eabi-gcc-4_7_3/bin/../lib/gcc/arm-none-eabi/4.7.3/../../../../arm-none-eabi/lib/armv7e-m\libsupc++.a(eh_globals.o)
                0x000044e8                __cxa_get_globals
 .text._ZL12read_sleb128PKhPl
                0x000044f4       0x3c d:/program files/freescale/cw mcu v10.6/cross_tools/arm-none-eabi-gcc-4_7_3/bin/../lib/gcc/arm-none-eabi/4.7.3/../../../../arm-none-eabi/lib/armv7e-m\libsupc++.a(eh_personality.o)
 .text._ZL28read_encoded_value_with_basehjPKhPj
                0x00004530       0xb0 d:/program files/freescale/cw mcu v10.6/cross_tools/arm-none-eabi-gcc-4_7_3/bin/../lib/gcc/arm-none-eabi/4.7.3/../../../../arm-none-eabi/lib/armv7e-m\libsupc++.a(eh_personality.o)
 .text._ZL21base_of_encoded_valuehP15_Unwind_Context
                0x000045e0       0x4c d:/program files/freescale/cw mcu v10.6/cross_tools/arm-none-eabi-gcc-4_7_3/bin/../lib/gcc/arm-none-eabi/4.7.3/../../../../arm-none-eabi/lib/armv7e-m\libsupc++.a(eh_personality.o)
 .text._ZL17parse_lsda_headerP15_Unwind_ContextPKhP16lsda_header_info
                0x0000462c       0x94 d:/program files/freescale/cw mcu v10.6/cross_tools/arm-none-eabi-gcc-4_7_3/bin/../lib/gcc/arm-none-eabi/4.7.3/../../../../arm-none-eabi/lib/armv7e-m\libsupc++.a(eh_personality.o)
 .text.__gxx_personality_v0
                0x000046c0      0x3f8 d:/program files/freescale/cw mcu v10.6/cross_tools/arm-none-eabi-gcc-4_7_3/bin/../lib/gcc/arm-none-eabi/4.7.3/../../../../arm-none-eabi/lib/armv7e-m\libsupc++.a(eh_personality.o)
                0x000046c0                __gxx_personality_v0
 .text._ZN10__cxxabiv111__terminateEPFvvE
                0x00004ab8       0x28 d:/program files/freescale/cw mcu v10.6/cross_tools/arm-none-eabi-gcc-4_7_3/bin/../lib/gcc/arm-none-eabi/4.7.3/../../../../arm-none-eabi/lib/armv7e-m\libsupc++.a(eh_terminate.o)
                0x00004ab8                __cxxabiv1::__terminate(void (*)())
 .text._ZSt9terminatev
                0x00004ae0       0x10 d:/program files/freescale/cw mcu v10.6/cross_tools/arm-none-eabi-gcc-4_7_3/bin/../lib/gcc/arm-none-eabi/4.7.3/../../../../arm-none-eabi/lib/armv7e-m\libsupc++.a(eh_terminate.o)
                0x00004ae0                std::terminate()
 .text._ZN10__cxxabiv112__unexpectedEPFvvE
                0x00004af0        0x8 d:/program files/freescale/cw mcu v10.6/cross_tools/arm-none-eabi-gcc-4_7_3/bin/../lib/gcc/arm-none-eabi/4.7.3/../../../../arm-none-eabi/lib/armv7e-m\libsupc++.a(eh_terminate.o)
                0x00004af0                __cxxabiv1::__unexpected(void (*)())
 .text._ZSt10unexpectedv
                0x00004af8       0x10 d:/program files/freescale/cw mcu v10.6/cross_tools/arm-none-eabi-gcc-4_7_3/bin/../lib/gcc/arm-none-eabi/4.7.3/../../../../arm-none-eabi/lib/armv7e-m\libsupc++.a(eh_terminate.o)
                0x00004af8                std::unexpected()
 .text._ZL23__gxx_exception_cleanup19_Unwind_Reason_CodeP21_Unwind_Control_Block
                0x00004b08       0x44 d:/program files/freescale/cw mcu v10.6/cross_tools/arm-none-eabi-gcc-4_7_3/bin/../lib/gcc/arm-none-eabi/4.7.3/../../../../arm-none-eabi/lib/armv7e-m\libsupc++.a(eh_throw.o)
 .text.__cxa_throw
                0x00004b4c       0x7c d:/program files/freescale/cw mcu v10.6/cross_tools/arm-none-eabi-gcc-4_7_3/bin/../lib/gcc/arm-none-eabi/4.7.3/../../../../arm-none-eabi/lib/armv7e-m\libsupc++.a(eh_throw.o)
                0x00004b4c                __cxa_throw
 .text.__cxa_rethrow
                0x00004bc8       0x70 d:/program files/freescale/cw mcu v10.6/cross_tools/arm-none-eabi-gcc-4_7_3/bin/../lib/gcc/arm-none-eabi/4.7.3/../../../../arm-none-eabi/lib/armv7e-m\libsupc++.a(eh_throw.o)
                0x00004bc8                __cxa_rethrow
 .text.__cxa_pure_virtual
                0x00004c38        0x8 d:/program files/freescale/cw mcu v10.6/cross_tools/arm-none-eabi-gcc-4_7_3/bin/../lib/gcc/arm-none-eabi/4.7.3/../../../../arm-none-eabi/lib/armv7e-m\libsupc++.a(pure.o)
                0x00004c38                __cxa_pure_virtual
 .text._ZNK10__cxxabiv120__si_class_type_info12__do_dyncastEiNS_17__class_type_info10__sub_kindEPKS1_PKvS4_S6_RNS1_16__dyncast_resultE
                0x00004c40       0x90 d:/program files/freescale/cw mcu v10.6/cross_tools/arm-none-eabi-gcc-4_7_3/bin/../lib/gcc/arm-none-eabi/4.7.3/../../../../arm-none-eabi/lib/armv7e-m\libsupc++.a(si_class_type_info.o)
                0x00004c40                __cxxabiv1::__si_class_type_info::__do_dyncast(int, __cxxabiv1::__class_type_info::__sub_kind, __cxxabiv1::__class_type_info const*, void const*, __cxxabiv1::__class_type_info const*, void const*, __cxxabiv1::__class_type_info::__dyncast_result&) const
 .text._ZN10__cxxabiv120__si_class_type_infoD2Ev
                0x00004cd0       0x14 d:/program files/freescale/cw mcu v10.6/cross_tools/arm-none-eabi-gcc-4_7_3/bin/../lib/gcc/arm-none-eabi/4.7.3/../../../../arm-none-eabi/lib/armv7e-m\libsupc++.a(si_class_type_info.o)
                0x00004cd0                __cxxabiv1::__si_class_type_info::~__si_class_type_info()
                0x00004cd0                __cxxabiv1::__si_class_type_info::~__si_class_type_info()
 .text._ZN10__cxxabiv120__si_class_type_infoD0Ev
                0x00004ce4       0x14 d:/program files/freescale/cw mcu v10.6/cross_tools/arm-none-eabi-gcc-4_7_3/bin/../lib/gcc/arm-none-eabi/4.7.3/../../../../arm-none-eabi/lib/armv7e-m\libsupc++.a(si_class_type_info.o)
                0x00004ce4                __cxxabiv1::__si_class_type_info::~__si_class_type_info()
 .text._ZNK10__cxxabiv120__si_class_type_info11__do_upcastEPKNS_17__class_type_infoEPKvRNS1_15__upcast_resultE
                0x00004cf8       0x24 d:/program files/freescale/cw mcu v10.6/cross_tools/arm-none-eabi-gcc-4_7_3/bin/../lib/gcc/arm-none-eabi/4.7.3/../../../../arm-none-eabi/lib/armv7e-m\libsupc++.a(si_class_type_info.o)
                0x00004cf8                __cxxabiv1::__si_class_type_info::__do_upcast(__cxxabiv1::__class_type_info const*, void const*, __cxxabiv1::__class_type_info::__upcast_result&) const
 .text._ZNK10__cxxabiv120__si_class_type_info20__do_find_public_srcEiPKvPKNS_17__class_type_infoES2_
                0x00004d1c       0x34 d:/program files/freescale/cw mcu v10.6/cross_tools/arm-none-eabi-gcc-4_7_3/bin/../lib/gcc/arm-none-eabi/4.7.3/../../../../arm-none-eabi/lib/armv7e-m\libsupc++.a(si_class_type_info.o)
                0x00004d1c                __cxxabiv1::__si_class_type_info::__do_find_public_src(int, void const*, __cxxabiv1::__class_type_info const*, void const*) const
 .text._ZNSt9type_infoD2Ev
                0x00004d50        0xc d:/program files/freescale/cw mcu v10.6/cross_tools/arm-none-eabi-gcc-4_7_3/bin/../lib/gcc/arm-none-eabi/4.7.3/../../../../arm-none-eabi/lib/armv7e-m\libsupc++.a(tinfo.o)
                0x00004d50                std::type_info::~type_info()
                0x00004d50                std::type_info::~type_info()
 .text._ZNKSt9type_info14__is_pointer_pEv
                0x00004d5c        0x4 d:/program files/freescale/cw mcu v10.6/cross_tools/arm-none-eabi-gcc-4_7_3/bin/../lib/gcc/arm-none-eabi/4.7.3/../../../../arm-none-eabi/lib/armv7e-m\libsupc++.a(tinfo.o)
                0x00004d5c                std::type_info::__is_pointer_p() const
 .text._ZNKSt9type_info15__is_function_pEv
                0x00004d60        0x4 d:/program files/freescale/cw mcu v10.6/cross_tools/arm-none-eabi-gcc-4_7_3/bin/../lib/gcc/arm-none-eabi/4.7.3/../../../../arm-none-eabi/lib/armv7e-m\libsupc++.a(tinfo.o)
                0x00004d60                std::type_info::__is_function_p() const
 .text._ZNKSt9type_info11__do_upcastEPKN10__cxxabiv117__class_type_infoEPPv
                0x00004d64        0x4 d:/program files/freescale/cw mcu v10.6/cross_tools/arm-none-eabi-gcc-4_7_3/bin/../lib/gcc/arm-none-eabi/4.7.3/../../../../arm-none-eabi/lib/armv7e-m\libsupc++.a(tinfo.o)
                0x00004d64                std::type_info::__do_upcast(__cxxabiv1::__class_type_info const*, void**) const
 .text._ZNSt9type_infoD0Ev
                0x00004d68       0x14 d:/program files/freescale/cw mcu v10.6/cross_tools/arm-none-eabi-gcc-4_7_3/bin/../lib/gcc/arm-none-eabi/4.7.3/../../../../arm-none-eabi/lib/armv7e-m\libsupc++.a(tinfo.o)
                0x00004d68                std::type_info::~type_info()
 .text._ZNKSt9type_infoeqERKS_
                0x00004d7c       0x28 d:/program files/freescale/cw mcu v10.6/cross_tools/arm-none-eabi-gcc-4_7_3/bin/../lib/gcc/arm-none-eabi/4.7.3/../../../../arm-none-eabi/lib/armv7e-m\libsupc++.a(tinfo.o)
                0x00004d7c                std::type_info::operator==(std::type_info const&) const
 .text._ZNKSt9type_info10__do_catchEPKS_PPvj
                0x00004da4        0x4 d:/program files/freescale/cw mcu v10.6/cross_tools/arm-none-eabi-gcc-4_7_3/bin/../lib/gcc/arm-none-eabi/4.7.3/../../../../arm-none-eabi/lib/armv7e-m\libsupc++.a(tinfo.o)
                0x00004da4                std::type_info::__do_catch(std::type_info const*, void**, unsigned int) const
 .text._ZN10__cxxabiv121__vmi_class_type_infoD2Ev
                0x00004da8       0x14 d:/program files/freescale/cw mcu v10.6/cross_tools/arm-none-eabi-gcc-4_7_3/bin/../lib/gcc/arm-none-eabi/4.7.3/../../../../arm-none-eabi/lib/armv7e-m\libsupc++.a(vmi_class_type_info.o)
                0x00004da8                __cxxabiv1::__vmi_class_type_info::~__vmi_class_type_info()
                0x00004da8                __cxxabiv1::__vmi_class_type_info::~__vmi_class_type_info()
 .text._ZN10__cxxabiv121__vmi_class_type_infoD0Ev
                0x00004dbc       0x14 d:/program files/freescale/cw mcu v10.6/cross_tools/arm-none-eabi-gcc-4_7_3/bin/../lib/gcc/arm-none-eabi/4.7.3/../../../../arm-none-eabi/lib/armv7e-m\libsupc++.a(vmi_class_type_info.o)
                0x00004dbc                __cxxabiv1::__vmi_class_type_info::~__vmi_class_type_info()
 .text._ZNK10__cxxabiv121__vmi_class_type_info20__do_find_public_srcEiPKvPKNS_17__class_type_infoES2_
                0x00004dd0       0xd4 d:/program files/freescale/cw mcu v10.6/cross_tools/arm-none-eabi-gcc-4_7_3/bin/../lib/gcc/arm-none-eabi/4.7.3/../../../../arm-none-eabi/lib/armv7e-m\libsupc++.a(vmi_class_type_info.o)
                0x00004dd0                __cxxabiv1::__vmi_class_type_info::__do_find_public_src(int, void const*, __cxxabiv1::__class_type_info const*, void const*) const
 .text._ZNK10__cxxabiv121__vmi_class_type_info11__do_upcastEPKNS_17__class_type_infoEPKvRNS1_15__upcast_resultE
                0x00004ea4      0x150 d:/program files/freescale/cw mcu v10.6/cross_tools/arm-none-eabi-gcc-4_7_3/bin/../lib/gcc/arm-none-eabi/4.7.3/../../../../arm-none-eabi/lib/armv7e-m\libsupc++.a(vmi_class_type_info.o)
                0x00004ea4                __cxxabiv1::__vmi_class_type_info::__do_upcast(__cxxabiv1::__class_type_info const*, void const*, __cxxabiv1::__class_type_info::__upcast_result&) const
 .text._ZNK10__cxxabiv121__vmi_class_type_info12__do_dyncastEiNS_17__class_type_info10__sub_kindEPKS1_PKvS4_S6_RNS1_16__dyncast_resultE
                0x00004ff4      0x34c d:/program files/freescale/cw mcu v10.6/cross_tools/arm-none-eabi-gcc-4_7_3/bin/../lib/gcc/arm-none-eabi/4.7.3/../../../../arm-none-eabi/lib/armv7e-m\libsupc++.a(vmi_class_type_info.o)
                0x00004ff4                __cxxabiv1::__vmi_class_type_info::__do_dyncast(int, __cxxabiv1::__class_type_info::__sub_kind, __cxxabiv1::__class_type_info const*, void const*, __cxxabiv1::__class_type_info const*, void const*, __cxxabiv1::__class_type_info::__dyncast_result&) const
 .text.sys_writec
                0x00005340        0xe D:/Program Files/Freescale/CW MCU v10.6/MCU/ARM_GCC_Support/ewl/lib/armv7e-m\libhosted.a(semihosted_console_io.o)
                0x00005340                sys_writec
 .text.sys_readc
                0x0000534e       0x10 D:/Program Files/Freescale/CW MCU v10.6/MCU/ARM_GCC_Support/ewl/lib/armv7e-m\libhosted.a(semihosted_console_io.o)
                0x0000534e                sys_readc
 *fill*         0x0000535e        0x2 00
 .text.sys_exit
                0x00005360       0x20 D:/Program Files/Freescale/CW MCU v10.6/MCU/ARM_GCC_Support/ewl/lib/armv7e-m\libhosted.a(semihosted_console_io.o)
                0x00005360                sys_exit
 .text.__read_console
                0x00005380       0x1a D:/Program Files/Freescale/CW MCU v10.6/MCU/ARM_GCC_Support/ewl/lib/armv7e-m\libhosted.a(semihosted_console_io.o)
                0x00005380                __read_console
 .text.__write_console
                0x0000539a       0x1a D:/Program Files/Freescale/CW MCU v10.6/MCU/ARM_GCC_Support/ewl/lib/armv7e-m\libhosted.a(semihosted_console_io.o)
                0x0000539a                __write_console
 .text.__close_console
                0x000053b4        0x4 D:/Program Files/Freescale/CW MCU v10.6/MCU/ARM_GCC_Support/ewl/lib/armv7e-m\libhosted.a(semihosted_console_io.o)
                0x000053b4                __close_console
 .text.sys_open
                0x000053b8        0xe D:/Program Files/Freescale/CW MCU v10.6/MCU/ARM_GCC_Support/ewl/lib/armv7e-m\libhosted.a(semihosted_file_io.o)
                0x000053b8                sys_open
 *fill*         0x000053c6        0x2 00
 .text.__open_file
                0x000053c8       0x68 D:/Program Files/Freescale/CW MCU v10.6/MCU/ARM_GCC_Support/ewl/lib/armv7e-m\libhosted.a(semihosted_file_io.o)
                0x000053c8                __open_file
 .text.open     0x00005430       0x7a D:/Program Files/Freescale/CW MCU v10.6/MCU/ARM_GCC_Support/ewl/lib/armv7e-m\libhosted.a(semihosted_file_io.o)
                0x00005430                open
 .text.sys_write
                0x000054aa        0xe D:/Program Files/Freescale/CW MCU v10.6/MCU/ARM_GCC_Support/ewl/lib/armv7e-m\libhosted.a(semihosted_file_io.o)
                0x000054aa                sys_write
 .text.__write_file
                0x000054b8       0x1c D:/Program Files/Freescale/CW MCU v10.6/MCU/ARM_GCC_Support/ewl/lib/armv7e-m\libhosted.a(semihosted_file_io.o)
                0x000054b8                __write_file
 .text.sys_read
                0x000054d4        0xe D:/Program Files/Freescale/CW MCU v10.6/MCU/ARM_GCC_Support/ewl/lib/armv7e-m\libhosted.a(semihosted_file_io.o)
                0x000054d4                sys_read
 .text.__read_file
                0x000054e2       0x34 D:/Program Files/Freescale/CW MCU v10.6/MCU/ARM_GCC_Support/ewl/lib/armv7e-m\libhosted.a(semihosted_file_io.o)
                0x000054e2                __read_file
 *fill*         0x00005516        0x2 00
 .text.__init_semihost
                0x00005518       0x20 D:/Program Files/Freescale/CW MCU v10.6/MCU/ARM_GCC_Support/ewl/lib/armv7e-m\libhosted.a(semihosted_file_io.o)
                0x00005518                __init_semihost
 *(.rodata)
 .rodata        0x00005538       0x10 ./Sources/main.o
 *(.rodata*)
 .rodata._ZTVNSt3tr16detail25shared_ptr_deleter_commonE
                0x00005548       0x20 D:/Program Files/Freescale/CW MCU v10.6/MCU/ARM_GCC_Support/ewl/lib/armv7e-m\libstdc++.a(iostream.o)
                0x00005548                vtable for std::tr1::detail::shared_ptr_deleter_common
 .rodata._ZTVN11CodeWarrior17console_outputbufIcSt11char_traitsIcEEE
                0x00005568       0x48 D:/Program Files/Freescale/CW MCU v10.6/MCU/ARM_GCC_Support/ewl/lib/armv7e-m\libstdc++.a(iostream.o)
                0x00005568                vtable for CodeWarrior::console_outputbuf<char, std::char_traits<char> >
 .rodata._ZTVN11CodeWarrior11bufferedbufIcSt11char_traitsIcEEE
                0x000055b0       0x48 D:/Program Files/Freescale/CW MCU v10.6/MCU/ARM_GCC_Support/ewl/lib/armv7e-m\libstdc++.a(iostream.o)
                0x000055b0                vtable for CodeWarrior::bufferedbuf<char, std::char_traits<char> >
 .rodata._ZTVSt15basic_streambufIcSt11char_traitsIcEE
                0x000055f8       0x40 D:/Program Files/Freescale/CW MCU v10.6/MCU/ARM_GCC_Support/ewl/lib/armv7e-m\libstdc++.a(iostream.o)
                0x000055f8                vtable for std::basic_streambuf<char, std::char_traits<char> >
 .rodata._ZTVN11CodeWarrior16console_inputbufIcSt11char_traitsIcEEE
                0x00005638       0x40 D:/Program Files/Freescale/CW MCU v10.6/MCU/ARM_GCC_Support/ewl/lib/armv7e-m\libstdc++.a(iostream.o)
                0x00005638                vtable for CodeWarrior::console_inputbuf<char, std::char_traits<char> >
 .rodata._ZTVNSt3tr16detail18shared_ptr_deleterIcNSt6detail14default_deleteIA_cEESaIvEEE
                0x00005678       0x20 D:/Program Files/Freescale/CW MCU v10.6/MCU/ARM_GCC_Support/ewl/lib/armv7e-m\libstdc++.a(iostream.o)
                0x00005678                vtable for std::tr1::detail::shared_ptr_deleter<char, std::detail::default_delete<char []>, std::allocator<void> >
 .rodata._ZTVSt9basic_iosIcSt11char_traitsIcEE
                0x00005698       0x10 D:/Program Files/Freescale/CW MCU v10.6/MCU/ARM_GCC_Support/ewl/lib/armv7e-m\libstdc++.a(iostream.o)
                0x00005698                vtable for std::basic_ios<char, std::char_traits<char> >
 .rodata._ZTVSi
                0x000056a8       0x28 D:/Program Files/Freescale/CW MCU v10.6/MCU/ARM_GCC_Support/ewl/lib/armv7e-m\libstdc++.a(iostream.o)
                0x000056a8                vtable for std::istream
 .rodata._ZTVSo
                0x000056d0       0x28 D:/Program Files/Freescale/CW MCU v10.6/MCU/ARM_GCC_Support/ewl/lib/armv7e-m\libstdc++.a(iostream.o)
                0x000056d0                vtable for std::ostream
 .rodata._ZTVN11CodeWarrior17console_outputbufIwSt11char_traitsIwEEE
                0x000056f8       0x48 D:/Program Files/Freescale/CW MCU v10.6/MCU/ARM_GCC_Support/ewl/lib/armv7e-m\libstdc++.a(iostream.o)
                0x000056f8                vtable for CodeWarrior::console_outputbuf<wchar_t, std::char_traits<wchar_t> >
 .rodata._ZTVN11CodeWarrior11bufferedbufIwSt11char_traitsIwEEE
                0x00005740       0x48 D:/Program Files/Freescale/CW MCU v10.6/MCU/ARM_GCC_Support/ewl/lib/armv7e-m\libstdc++.a(iostream.o)
                0x00005740                vtable for CodeWarrior::bufferedbuf<wchar_t, std::char_traits<wchar_t> >
 .rodata._ZTVSt15basic_streambufIwSt11char_traitsIwEE
                0x00005788       0x40 D:/Program Files/Freescale/CW MCU v10.6/MCU/ARM_GCC_Support/ewl/lib/armv7e-m\libstdc++.a(iostream.o)